[picocss.com/docs.html]
[picocss.com/opengraph.png]
[backblue.gif]
[fade.gif]
[index.html]
[picocss.com/favicon.svg]
[picocss.com/favicon-32x32.png]
[picocss.com/apple-touch-icon.png]
[picocss.com/site.webmanifest]
[picocss.com/build/_assets/main-WHY6HG36.css]
[picocss.com/build/_assets/docs-Y4XZDOR6.css]
[picocss.com/examples.html]
[picocss.com/index.html]
[picocss.com/docs/v1/index.html]
[picocss.com/docs/version-picker.html]
[picocss.com/docs/color-schemes.html]
[picocss.com/docs/classless.html]
[picocss.com/docs/conditional.html]
[picocss.com/docs/rtl.html]
[picocss.com/docs/css-variables.html]
[picocss.com/docs/sass.html]
[picocss.com/docs/colors.html]
[picocss.com/docs/container.html]
[picocss.com/docs/landmarks-section.html]
[picocss.com/docs/grid.html]
[picocss.com/docs/overflow-auto.html]
[picocss.com/docs/typography.html]
[picocss.com/docs/link.html]
[picocss.com/docs/button.html]
[picocss.com/docs/table.html]
[picocss.com/docs/forms.html]
[picocss.com/docs/forms/input.html]
[picocss.com/docs/forms/textarea.html]
[picocss.com/docs/forms/select.html]
[picocss.com/docs/forms/checkboxes.html]
[picocss.com/docs/forms/radios.html]
[picocss.com/docs/forms/switch.html]
[picocss.com/docs/forms/range.html]
[picocss.com/docs/accordion.html]
[picocss.com/docs/card.html]
[picocss.com/docs/dropdown.html]
[picocss.com/docs/group.html]
[picocss.com/docs/loading.html]
[picocss.com/docs/modal.html]
[picocss.com/docs/nav.html]
[picocss.com/docs/progress.html]
[picocss.com/docs/tooltip.html]
[picocss.com/docs/v2.html]
[picocss.com/docs/mission.html]
[picocss.com/docs/usage-scenarios.html]
[picocss.com/docs/brand.html]
[picocss.com/docs/built-with.html]
[picocss.com/build/manifest-274C321B.js]
[picocss.com/build/entry.client-5KBG7MMV.js]
[picocss.com/build/_shared/chunk-YTHO3L5P.js]
[picocss.com/build/_shared/chunk-4VZFADYZ.js]
[picocss.com/build/_shared/chunk-BRGOUUZ4.js]
[picocss.com/build/_shared/chunk-SNWS3XCL.js]
[picocss.com/build/_shared/chunk-ZH53E5PC.js]
[picocss.com/build/_shared/chunk-5KSWBPSR.js]
[picocss.com/build/_shared/chunk-HOKVWY7K.js]
[picocss.com/build/_shared/chunk-I3WNH4BN.js]
[picocss.com/build/_shared/chunk-L5VKHY6F.js]
[picocss.com/build/_shared/chunk-GL7VW4BM.js]
[picocss.com/build/_shared/chunk-JT4PCSGL.js]
[picocss.com/build/_shared/chunk-BZ4AUIAY.js]
[picocss.com/build/_shared/chunk-PGB5EDTS.js]
[picocss.com/build/_shared/chunk-SNDHQUDE.js]
[picocss.com/build/_shared/chunk-OLA7NHCU.js]
[picocss.com/build/_shared/chunk-UUMWCJG3.js]
[picocss.com/build/_shared/chunk-WBY45DIQ.js]
[picocss.com/build/root-I2MRZBVA.js]
[picocss.com/build/_shared/chunk-TDEEKD4Z.js]
[picocss.com/build/_shared/chunk-OL3D475K.js]
[picocss.com/build/_shared/chunk-Y7NYAR5B.js]
[picocss.com/build/_shared/chunk-JRCO4XTU.js]
[picocss.com/build/routes/docs-FN2HCDTA.js]
[picocss.com/build/_shared/chunk-RI7YJF2N.js]
[picocss.com/build/_shared/chunk-YSWQKXFT.js]
[picocss.com/build/_shared/chunk-LVW6VCGV.js]
[picocss.com/build/_shared/chunk-2LGDFLPT.js]
[picocss.com/docs.html]
[picocss.com/favicon.svg]
[picocss.com/build/routes/docs._index-KJCNBVWO.js]
[picocss.com/build/_assets/fira-code-cyrillic-400-normal-ZCA4MY3B.woff2]
[picocss.com/build/_assets/fira-code-cyrillic-400-normal-G3MO3WJY.woff]
[picocss.com/build/_assets/fira-code-cyrillic-ext-400-normal-4WUO6KVX.woff2]
[picocss.com/build/_assets/fira-code-cyrillic-ext-400-normal-YIMDOAAE.woff]
[picocss.com/build/_assets/fira-code-greek-400-normal-J5VIPIPJ.woff2]
[picocss.com/build/_assets/fira-code-greek-400-normal-RNCZ2JHN.woff]
[picocss.com/build/_assets/fira-code-greek-ext-400-normal-RZIVBWXA.woff2]
[picocss.com/build/_assets/fira-code-greek-ext-400-normal-FKTBLLA2.woff]
[picocss.com/build/_assets/fira-code-latin-400-normal-QEIMMOGQ.woff2]
[picocss.com/build/_assets/fira-code-latin-400-normal-VPQ43674.woff]
[picocss.com/build/_assets/fira-code-latin-ext-400-normal-PKQCFOZZ.woff2]
[picocss.com/build/_assets/fira-code-latin-ext-400-normal-RFS3FUVU.woff]
[picocss.com/build/_assets/figtree-latin-700-italic-RYWVMBCO.woff2]
[picocss.com/build/_assets/figtree-latin-700-italic-BWRJ46IO.woff]
[picocss.com/build/_assets/figtree-latin-700-normal-7SO3ENVH.woff2]
[picocss.com/build/_assets/figtree-latin-700-normal-Z452IEJK.woff]
[picocss.com/build/_assets/figtree-latin-ext-700-italic-WUYSCSPU.woff2]
[picocss.com/build/_assets/figtree-latin-ext-700-italic-27VAIYNY.woff]
[picocss.com/build/_assets/figtree-latin-ext-700-normal-ANFO42WJ.woff2]
[picocss.com/build/_assets/figtree-latin-ext-700-normal-HMJO6HHH.woff]
[picocss.com/build/_assets/main-WHY6HG36.css]
[picocss.com/build/_assets/docs-Y4XZDOR6.css]
[picocss.com/build/_assets/landings-DZ4NK2D3.css]
[picocss.com/build/_shared/chunk-5YC57WYX.js]
[picocss.com/build/_shared/chunk-TFAXRVB7.js]
[picocss.com/index.html]
[picocss.com/build/routes/_index-5F3JQEBT.js]
[picocss.com/favicon.ico]
[picocss.com/docs/v1/css/pico.min.css]
[picocss.com/docs/v1/css/pico.docs.min.css]
[picocss.com/docs/v1/themes.html]
[picocss.com/docs/v1/customization.html]
[picocss.com/docs/v1/classless.html]
[picocss.com/docs/v1/rtl.html]
[picocss.com/docs/v1/containers.html]
[picocss.com/docs/v1/grid.html]
[picocss.com/docs/v1/scroller.html]
[picocss.com/docs/v1/typography.html]
[picocss.com/docs/v1/buttons.html]
[picocss.com/docs/v1/forms.html]
[picocss.com/docs/v1/tables.html]
[picocss.com/docs/v1/accordions.html]
[picocss.com/docs/v1/cards.html]
[picocss.com/docs/v1/dropdowns.html]
[picocss.com/docs/v1/modal.html]
[picocss.com/docs/v1/navs.html]
[picocss.com/docs/v1/progress.html]
[picocss.com/docs/v1/loading.html]
[picocss.com/docs/v1/tooltips.html]
[picocss.com/docs/v1/we-love-classes.html]
[picocss.com/docs/v1/index.html]
[picocss.com/docs/v1/js/commons.min.js]
[codesandbox.io/p/devbox/github/picocss/examples/tree/master/v2-react-color-schemes-and-modalc52c.html]
[picocss.com/build/_shared/chunk-DMGV2FYD.js]
[picocss.com/examples.html]
[picocss.com/build/routes/examples-KOMU4WRU.js]
[picocss.com/build/_assets/color-picker-P26DGBF7.css]
[picocss.com/docs/version-picker/red.html]
[picocss.com/docs/version-picker/pink.html]
[picocss.com/docs/version-picker/fuchsia.html]
[picocss.com/docs/version-picker/purple.html]
[picocss.com/docs/version-picker/violet.html]
[picocss.com/docs/version-picker/indigo.html]
[picocss.com/docs/version-picker/blue.html]
[picocss.com/docs/version-picker/cyan.html]
[picocss.com/docs/version-picker/jade.html]
[picocss.com/docs/version-picker/green.html]
[picocss.com/docs/version-picker/lime.html]
[picocss.com/docs/version-picker/yellow.html]
[picocss.com/docs/version-picker/amber.html]
[picocss.com/docs/version-picker/pumpkin.html]
[picocss.com/docs/version-picker/orange.html]
[picocss.com/docs/version-picker/sand.html]
[picocss.com/docs/version-picker/grey.html]
[picocss.com/docs/version-picker/zinc.html]
[picocss.com/docs/version-picker/slate.html]
[picocss.com/build/_shared/chunk-43B2LPYD.js]
[picocss.com/build/routes/docs.version-picker-H4CALLXQ.js]
[picocss.com/build/_shared/chunk-2HXL6TN5.js]
[picocss.com/build/_shared/chunk-MHGXEUGW.js]
[picocss.com/docs/version-picker.html]
[picocss.com/build/routes/docs.version-picker._index-Q6D4ET7O.js]
[picocss.com/docs/color-schemes.html]
[picocss.com/build/routes/docs.color-schemes-LM6F2SKN.js]
[picocss.com/docs/classless.html]
[picocss.com/build/routes/docs.classless-JD4BAL6X.js]
[picocss.com/docs/conditional.html]
[picocss.com/build/routes/docs.conditional-7EFWNO3A.js]
[picocss.com/docs/rtl.html]
[picocss.com/build/routes/docs.rtl-7OTFZ2HW.js]
[picocss.com/cf-fonts/s/pacifico/5.0.11/cyrillic-ext/400/normal.woff2]
[picocss.com/cf-fonts/s/pacifico/5.0.11/vietnamese/400/normal.woff2]
[picocss.com/cf-fonts/s/pacifico/5.0.11/latin/400/normal.woff2]
[picocss.com/cf-fonts/s/pacifico/5.0.11/latin-ext/400/normal.woff2]
[picocss.com/cf-fonts/s/pacifico/5.0.11/cyrillic/400/normal.woff2]
[picocss.com/build/_shared/chunk-ZANZRYDV.js]
[picocss.com/docs/css-variables.html]
[picocss.com/build/routes/docs.css-variables-6XMFOMJP.js]
[picocss.com/docs/sass.html]
[picocss.com/build/routes/docs.sass-KYGHZRT3.js]
[picocss.com/build/_assets/color-utilities-5LLOCG3W.css]
[picocss.com/build/_assets/customization-colors-palette-importer-3MH32MKA.png]
[picocss.com/docs/colors.html]
[picocss.com/build/routes/docs.colors-VDRNELHQ.js]
[picocss.com/docs/container.html]
[picocss.com/build/routes/docs.container-GFC7XK2Q.js]
[picocss.com/docs/landmarks-section.html]
[picocss.com/build/routes/docs.landmarks-section-K4YVNW4B.js]
[picocss.com/docs/grid.html]
[picocss.com/build/routes/docs.grid-27W462XX.js]
[picocss.com/docs/overflow-auto.html]
[picocss.com/build/routes/docs.overflow-auto-AS5QR6MQ.js]
[picocss.com/docs/typography.html]
[picocss.com/build/routes/docs.typography-VGG5DB3S.js]
[picocss.com/docs/link.html]
[picocss.com/build/routes/docs.link-ZKO3DYUE.js]
[picocss.com/docs/button.html]
[picocss.com/build/routes/docs.button-5J534IYE.js]
[picocss.com/docs/table.html]
[picocss.com/build/routes/docs.table-VVCY2W2H.js]
[picocss.com/docs/forms.html]
[picocss.com/build/routes/docs.forms._index-6QIH5ORL.js]
[picocss.com/docs/forms/input.html]
[picocss.com/build/routes/docs.forms.input-KU5TAJMR.js]
[picocss.com/docs/forms/textarea.html]
[picocss.com/build/routes/docs.forms.textarea-HUYHA5LA.js]
[picocss.com/docs/forms/select.html]
[picocss.com/build/routes/docs.forms.select-UKASZUPN.js]
[picocss.com/docs/forms/checkboxes.html]
[picocss.com/build/routes/docs.forms.checkboxes-FWRZ7SLJ.js]
[picocss.com/docs/forms/radios.html]
[picocss.com/build/routes/docs.forms.radios-3SQ4SDQE.js]
[picocss.com/docs/forms/switch.html]
[picocss.com/build/routes/docs.forms.switch-VSD72CI4.js]
[picocss.com/docs/forms/range.html]
[picocss.com/build/routes/docs.forms.range-XAGE6NVH.js]
[picocss.com/docs/accordion.html]
[picocss.com/build/routes/docs.accordion-JDZZULV3.js]
[picocss.com/docs/card.html]
[picocss.com/build/routes/docs.card-W72CQZXR.js]
[picocss.com/docs/dropdown.html]
[picocss.com/build/routes/docs.dropdown-HCDQFZMA.js]
[picocss.com/docs/group.html]
[picocss.com/build/routes/docs.group-X6R3TBDZ.js]
[picocss.com/docs/loading.html]
[picocss.com/build/routes/docs.loading-QPMEDJUT.js]
[codesandbox.io/embed/4mrnhq32de.html]
[codesandbox.io/p/devbox/github/picocss/examples/tree/master/v2-react-color-schemes-and-modaldb02.html]
[picocss.com/docs/modal.html]
[picocss.com/build/routes/docs.modal-XIYCJVVE.js]
[picocss.com/docs/nav.html]
[picocss.com/build/routes/docs.nav-CDUZIK7O.js]
[picocss.com/docs/progress.html]
[picocss.com/build/routes/docs.progress-B765P45R.js]
[picocss.com/docs/tooltip.html]
[picocss.com/build/routes/docs.tooltip-CSJBXBLH.js]
[picocss.com/docs/v2/docs/overflow-auto]
[picocss.com/docs/v2.html]
[picocss.com/build/routes/docs.v2-FLLBHPML.js]
[picocss.com/docs/mission.html]
[picocss.com/build/routes/docs.mission-WRIT7CU6.js]
[picocss.com/docs/usage-scenarios.html]
[picocss.com/build/routes/docs.usage-scenarios-ZNWVEWPM.js]
[picocss.com/build/_assets/pico-logo-light-OKNA7EES.svg]
[picocss.com/build/_assets/pico-logo-light-I3BYP3V5.png]
[picocss.com/build/_assets/pico-logo-dark-XCR6IJWC.svg]
[picocss.com/build/_assets/pico-logo-dark-E4VKKVAT.png]
[picocss.com/build/_assets/pico-mark-light-E4V54OAB.svg]
[picocss.com/build/_assets/pico-mark-light-UDJTJFFW.png]
[picocss.com/build/_assets/pico-mark-dark-W5OEFAUA.svg]
[picocss.com/build/_assets/pico-mark-dark-R5DOC5U7.png]
[picocss.com/docs/brand.html]
[picocss.com/build/routes/docs.brand-HSPKWBPD.js]
[picocss.com/docs/built-with.html]
[picocss.com/build/_assets/landings-DZ4NK2D3.css]
[picocss.com/docs/v1/css/pico.min.css]
[picocss.com/docs/v1/css/pico.docs.min.css]
[picocss.com/docs/v1/themes.html]
[picocss.com/build/routes/docs.built-with-WRJWHOIY.js]
[github.com/picocss/pico/blob/v1-dev/css/themes/default.html]
[picocss.com/docs/v1/customization.html]
[picocss.com/docs/v1/classless.html]
[picocss.com/docs/v1/rtl.html]
[picocss.com/docs/v1/containers.html]
[picocss.com/docs/v1/js/customization.min.js]
[picocss.com/docs/v1/grid.html]
[picocss.com/docs/v1/scroller.html]
[picocss.com/docs/v1/typography.html]
[picocss.com/docs/v1/buttons.html]
[picocss.com/docs/v1/forms.html]
[picocss.com/docs/v1/tables.html]
[picocss.com/docs/v1/accordions.html]
[picocss.com/docs/v1/cards.html]
[picocss.com/docs/v1/dropdowns.html]
[picocss.com/docs/v1/js/grid.min.js]
[github.com/picocss/examples/blob/master/v1-preview/js/modal.html]
[picocss.com/docs/v1/modal.html]
[picocss.com/docs/v1/navs.html]
[picocss.com/docs/v1/progress.html]
[picocss.com/docs/v1/loading.html]
[picocss.com/docs/v1/tooltips.html]
[picocss.com/docs/v1/we-love-classes.html]
[picocss.com/docs/v1/js/modal.min.js]
[codesandbox.io/p/fonts/inter/inter.css]
[codesandbox.io/p/assets/index-5ebc5b81.js]
[codesandbox.io/p/assets/index-1b3a74fc.css]
[codesandbox.io/p/devbox/github/picocss/examples/tree/master/editor-sw.html]
[codesandbox.io/p/assets/vendor-9e62fa76.js]
[codesandbox.io/p/devbox/github/picocss/examples/tree/master/v2-react-color-schemes-and-modalc52c.html]
[picocss.com/build/_assets/color-picker-P26DGBF7.css]
[codesandbox.io/cdn-cgi/challenge-platform/h/b/scripts/jsd/e1a56f38220d/maind41d.js]
[picocss.com/build/_assets/red-FKA73UIC.css]
[picocss.com/build/_shared/chunk-TSF72SFR.js]
[picocss.com/docs/version-picker/red.html]
[picocss.com/build/routes/docs.version-picker.red-OCFU6Z4E.js]
[picocss.com/build/_assets/pink-IJBRNEJE.css]
[picocss.com/docs/version-picker/pink.html]
[picocss.com/build/routes/docs.version-picker.pink-G7WEUJF6.js]
[picocss.com/build/_assets/fuchsia-TESC27VJ.css]
[picocss.com/docs/version-picker/fuchsia.html]
[picocss.com/build/routes/docs.version-picker.fuchsia-ZUF2MD2H.js]
[picocss.com/build/_assets/purple-6WVMNSBD.css]
[picocss.com/docs/version-picker/purple.html]
[picocss.com/build/routes/docs.version-picker.purple-QLATMXRY.js]
[picocss.com/build/_assets/violet-SP62MTRB.css]
[picocss.com/docs/version-picker/violet.html]
[picocss.com/build/routes/docs.version-picker.violet-LIMX24SR.js]
[picocss.com/build/_assets/indigo-MFZWGPGN.css]
[picocss.com/docs/version-picker/indigo.html]
[picocss.com/build/routes/docs.version-picker.indigo-CAPYT7II.js]
[picocss.com/build/_assets/blue-A5DCZ2CG.css]
[picocss.com/docs/version-picker/blue.html]
[picocss.com/build/routes/docs.version-picker.blue-XWFAAHPR.js]
[picocss.com/build/_assets/cyan-5KQUYNBF.css]
[picocss.com/docs/version-picker/cyan.html]
[picocss.com/build/routes/docs.version-picker.cyan-5DIVCG64.js]
[picocss.com/build/_assets/jade-4JDIZWZA.css]
[picocss.com/docs/version-picker/jade.html]
[picocss.com/build/routes/docs.version-picker.jade-ECB5AO3U.js]
[picocss.com/build/_assets/green-R2U53K5Q.css]
[picocss.com/docs/version-picker/green.html]
[picocss.com/build/routes/docs.version-picker.green-Q54MJMXK.js]
[picocss.com/build/_assets/lime-AWFHOCZU.css]
[picocss.com/docs/version-picker/lime.html]
[picocss.com/build/routes/docs.version-picker.lime-NKCTGMP4.js]
[picocss.com/build/_assets/yellow-K35L5C66.css]
[picocss.com/docs/version-picker/yellow.html]
[picocss.com/build/routes/docs.version-picker.yellow-GY4UOMAT.js]
[picocss.com/build/_assets/amber-PLCJJUAD.css]
[picocss.com/docs/version-picker/amber.html]
[picocss.com/build/routes/docs.version-picker.amber-RHGOMSPM.js]
[picocss.com/build/_assets/pumpkin-MRGPUWMS.css]
[picocss.com/docs/version-picker/pumpkin.html]
[picocss.com/build/routes/docs.version-picker.pumpkin-3HYYORDH.js]
[picocss.com/build/_assets/orange-JXTP4OSP.css]
[picocss.com/docs/version-picker/orange.html]
[picocss.com/build/routes/docs.version-picker.orange-WLJVIQM3.js]
[picocss.com/build/_assets/sand-OSTTNT2S.css]
[picocss.com/docs/version-picker/sand.html]
[picocss.com/build/routes/docs.version-picker.sand-ELH34TYX.js]
[picocss.com/build/_assets/grey-UKQEM33J.css]
[picocss.com/docs/version-picker/grey.html]
[picocss.com/build/routes/docs.version-picker.grey-XEUZ44XN.js]
[picocss.com/build/_assets/zinc-BEV5ZJBW.css]
[picocss.com/docs/version-picker/zinc.html]
[picocss.com/build/routes/docs.version-picker.zinc-IKZR4T2K.js]
[picocss.com/build/_assets/slate-7YHJ5O3D.css]
[picocss.com/docs/version-picker/slate.html]
[picocss.com/build/_assets/color-utilities-5LLOCG3W.css]
[picocss.com/build/routes/docs.version-picker.slate-PFGMUHPV.js]
[codesandbox.io/static/fonts/inter/inter.css]
[codesandbox.io/static/fonts/monolisa.css]
[codesandbox.io/static/js/env-config.js]
[codesandbox.io/static/browserfs12/browserfs.min.js]
[codesandbox.io/public/14/vs/loader.js]
[codesandbox.io/static/css/common.fbffe659.chunk.css]
[codesandbox.io/static/css/vendors_embed.ae83d4bc.chunk.css]
[codesandbox.io/static/css/default_app_embed.aeaefc59.chunk.css]
[codesandbox.io/static/css/embed.c8026191.css]
[codesandbox.io/static/js/common-sandbox.4915834c1.chunk.js]
[codesandbox.io/static/js/0.312f0905d.chunk.js]
[codesandbox.io/static/js/common.85d204171.chunk.js]
[codesandbox.io/static/js/vendors_embed_postcss-compiler.a0816c524.chunk.js]
[codesandbox.io/static/js/vendors_embed_page-search.a93e2e338.chunk.js]
[codesandbox.io/static/js/vendors_embed_move-sandbox-modal.c8d8a07e1.chunk.js]
[codesandbox.io/static/js/vendors_embed_sandbox.7291f218b.chunk.js]
[codesandbox.io/static/js/vendors_embed_sandbox-startup.94f8a764c.chunk.js]
[codesandbox.io/static/js/vendors_embed.43338b8e1.chunk.js]
[codesandbox.io/static/js/default_app_embed_sandbox_sandbox-startup.3ff9f1307.chunk.js]
[codesandbox.io/static/js/default_app_embed_sandbox.f357d8e54.chunk.js]
[codesandbox.io/static/js/default_app_embed.93390617a.chunk.js]
[codesandbox.io/embed/4mrnhq32de.html]
[codesandbox.io/p/devbox/github/picocss/examples/tree/master/v2-react-color-schemes-and-modaldb02.html]
[picocss.com/docs/v2/docs/overflow-auto.html]
[picocss.com/build/_assets/pico-logo-light-OKNA7EES.svg]
[picocss.com/build/_assets/pico-logo-dark-XCR6IJWC.svg]
[picocss.com/build/_assets/pico-mark-light-E4V54OAB.svg]
[picocss.com/build/_assets/pico-mark-dark-W5OEFAUA.svg]
[codesandbox.io/static/js/embed.419021dd6.js]
[github.githubassets.com/assets/light-3e154969b9f9.css]
[github.githubassets.com/assets/dark-9c5b7a476542.css]
[github.githubassets.com/assets/dark_dimmed-afda8eb0fb33.css]
[github.githubassets.com/assets/dark_high_contrast-2494e44ccdc5.css]
[github.githubassets.com/assets/dark_colorblind-56fff47acadc.css]
[github.githubassets.com/assets/light_colorblind-71cd4cc132ec.css]
[github.githubassets.com/assets/light_high_contrast-fd5499848985.css]
[github.githubassets.com/assets/light_tritanopia-31d17ba3e139.css]
[github.githubassets.com/assets/dark_tritanopia-68d6b2c79663.css]
[github.githubassets.com/assets/primer-primitives-4cf0d59ab51a.css]
[github.githubassets.com/assets/primer-03722e173ec3.css]
[github.githubassets.com/assets/global-521d889e2b6c.css]
[github.githubassets.com/assets/github-33c8af45ae17.css]
[github.githubassets.com/assets/repository-0f7cf89e325a.css]
[github.githubassets.com/assets/code-2cae59811c3d.css]
[github.githubassets.com/assets/wp-runtime-74eea432d619.js]
[github.githubassets.com/assets/vendors-node_modules_dompurify_dist_purify_js-b73fdff77a4e.js]
[github.githubassets.com/assets/vendors-node_modules_oddbird_popover-polyfill_dist_popover_js-aff936e590ed.js]
[github.githubassets.com/assets/vendors-node_modules_github_arianotify-polyfill_ariaNotify-polyfill_js-node_modules_github_mi-247092-76666ec8c39f.js]
[github.githubassets.com/assets/ui_packages_failbot_failbot_ts-6accc016605a.js]
[github.githubassets.com/assets/environment-b7c8196d9516.js]
[github.githubassets.com/assets/vendors-node_modules_primer_behaviors_dist_esm_index_mjs-4aa4b0e95669.js]
[github.githubassets.com/assets/vendors-node_modules_github_selector-observer_dist_index_esm_js-f690fd9ae3d5.js]
[github.githubassets.com/assets/vendors-node_modules_github_relative-time-element_dist_index_js-6d3967acd51c.js]
[github.githubassets.com/assets/vendors-node_modules_github_combobox-nav_dist_index_js-node_modules_github_g-emoji-element_di-6ce195-53781cbc550f.js]
[github.githubassets.com/assets/vendors-node_modules_github_text-expander-element_dist_index_js-f5498b8d4e5d.js]
[github.githubassets.com/assets/vendors-node_modules_github_auto-complete-element_dist_index_js-a164c5ea9f62.js]
[github.githubassets.com/assets/vendors-node_modules_github_filter-input-element_dist_index_js-node_modules_github_remote-inp-d1a841-8f251a0656e7.js]
[github.githubassets.com/assets/vendors-node_modules_delegated-events_dist_index_js-node_modules_github_catalyst_lib_index_js-f4b251-f7c3b6081b19.js]
[github.githubassets.com/assets/vendors-node_modules_github_mini-throttle_dist_index_js-node_modules_stacktrace-parser_dist_s-1f651a-0cff18664748.js]
[github.githubassets.com/assets/vendors-node_modules_github_file-attachment-element_dist_index_js-node_modules_primer_view-co-21f158-6ce6e035e87d.js]
[github.githubassets.com/assets/github-elements-aeb1b578f60b.js]
[github.githubassets.com/assets/element-registry-bf60c7f61ab1.js]
[github.githubassets.com/assets/vendors-node_modules_github_catalyst_lib_index_js-node_modules_primer_live-region-element_dis-037ad60-8582b70cd5a9.js]
[github.githubassets.com/assets/vendors-node_modules_braintree_browser-detection_dist_browser-detection_js-node_modules_githu-bb80ec-634de60bacfa.js]
[github.githubassets.com/assets/vendors-node_modules_lit-html_lit-html_js-ce7225a304c5.js]
[github.githubassets.com/assets/vendors-node_modules_github_hydro-analytics-client_dist_analytics-client_js-node_modules_gith-f3aee1-e6893db9c19e.js]
[github.githubassets.com/assets/vendors-node_modules_github_mini-throttle_dist_index_js-node_modules_morphdom_dist_morphdom-e-7c534c-f8a5485c982a.js]
[github.githubassets.com/assets/vendors-node_modules_github_turbo_dist_turbo_es2017-esm_js-858e043fcf76.js]
[github.githubassets.com/assets/vendors-node_modules_github_remote-form_dist_index_js-node_modules_delegated-events_dist_inde-893f9f-6cf3320416b8.js]
[github.githubassets.com/assets/vendors-node_modules_scroll-anchoring_dist_scroll-anchoring_esm_js-node_modules_stacktrace-pa-a71630-67856ad29bae.js]
[github.githubassets.com/assets/vendors-node_modules_color-convert_index_js-0e07cc183eed.js]
[github.githubassets.com/assets/vendors-node_modules_github_quote-selection_dist_index_js-node_modules_github_session-resume_-9a8cd2-373766bf71f1.js]
[github.githubassets.com/assets/ui_packages_sudo_sudo_ts-5723e2e31f3e.js]
[github.githubassets.com/assets/ui_packages_updatable-content_updatable-content_ts-312700d0d136.js]
[github.githubassets.com/assets/app_assets_modules_github_sticky-scroll-into-view_ts-ui_packages_onfocus_onfocus_ts-346d240435ec.js]
[github.githubassets.com/assets/app_assets_modules_github_behaviors_task-list_ts-app_assets_modules_github_sso_ts-1f593176c92a.js]
[github.githubassets.com/assets/app_assets_modules_github_behaviors_ajax-error_ts-app_assets_modules_github_behaviors_include-d0d0a6-aa0f176b5b12.js]
[github.githubassets.com/assets/app_assets_modules_github_behaviors_commenting_edit_ts-app_assets_modules_github_behaviors_ht-83c235-c89801ebbe15.js]
[github.githubassets.com/assets/behaviors-ee161f110a4d.js]
[github.githubassets.com/assets/vendors-node_modules_delegated-events_dist_index_js-node_modules_github_catalyst_lib_index_js-06ff531-bf7e5a3732fd.js]
[github.githubassets.com/assets/notifications-global-54f34167118d.js]
[github.githubassets.com/assets/vendors-node_modules_github_mini-throttle_dist_index_js-node_modules_github_catalyst_lib_inde-dbbea9-e73b311a14f1.js]
[github.githubassets.com/assets/code-menu-2b308c1236c2.js]
[github.githubassets.com/assets/primer-react-65b92279806c.js]
[github.githubassets.com/assets/react-core-8cc241fe292c.js]
[github.githubassets.com/assets/react-lib-7b7b5264f6c1.js]
[github.githubassets.com/assets/octicons-react-45c3a19dd792.js]
[github.githubassets.com/assets/vendors-node_modules_emotion_is-prop-valid_dist_emotion-is-prop-valid_esm_js-node_modules_emo-41da55-1851acd376ff.js]
[github.githubassets.com/assets/vendors-node_modules_oddbird_popover-polyfill_dist_popover-fn_js-4896ddd4b7bb.js]
[github.githubassets.com/assets/vendors-node_modules_react-reverse-portal_dist_web_index_js-node_modules_react-intersection-o-837f97-cf0d169497ea.js]
[github.githubassets.com/assets/ui_packages_aria-live_aria-live_ts-ui_packages_promise-with-resolvers-polyfill_promise-with-r-014121-e1792bd5a31e.js]
[github.githubassets.com/assets/ui_packages_paths_index_ts-dce6cc95a312.js]
[github.githubassets.com/assets/ui_packages_ref-selector_RefSelector_tsx-51878e8faf2a.js]
[github.githubassets.com/assets/ui_packages_code-view-shared_hooks_shortcuts_ts-ui_packages_code-view-shared_utilities_web-wo-eaf87a-5edb92313090.js]
[github.githubassets.com/assets/ui_packages_hydro-analytics_hydro-analytics_ts-ui_packages_verified-fetch_verified-fetch_ts-u-4672d1-44cbbea76d85.js]
[github.githubassets.com/assets/ui_packages_code-view-shared_hooks_use-canonical-object_ts-ui_packages_code-view-shared_utili-228da6-66d60a7b72be.js]
[github.githubassets.com/assets/ui_packages_code-view-shared_hooks_use-file-page-payload_ts-ui_packages_use-analytics_use-ana-590a3d-e0d488dddc50.js]
[github.githubassets.com/assets/app_assets_modules_github_blob-anchor_ts-ui_packages_code-nav_code-nav_ts-ui_packages_filter--8253c1-87c39cb5708f.js]
[github.githubassets.com/assets/react-code-view-3ce1da712541.js]
[github.githubassets.com/assets/primer-react.7558f0254d56b9bec77f.module.css]
[github.githubassets.com/assets/react-code-view.3a11433d5fb649f11287.module.css]
[github.githubassets.com/assets/notifications-subscriptions-menu-0e6b6b6fce5a.js]
[github.githubassets.com/assets/notifications-subscriptions-menu.1bcff9205c241e99cff2.module.css]
[github.com/fluidicon.png]
[github.com/picocss/pico/blob/v1-dev/css/themes/default.html]
[github.githubassets.com/favicons/favicon.png]
[github.githubassets.com/assets/vendors-node_modules_github_catalyst_lib_index_js-node_modules_github_hotkey_dist_index_js-no-d67c7f-bd7d077cdcb1.js]
[github.githubassets.com/assets/ui_packages_ui-commands_ui-commands_ts-d25fac54a6bc.js]
[github.githubassets.com/assets/keyboard-shortcuts-dialog-da2039f86b13.js]
[github.githubassets.com/assets/vendors-node_modules_github_remote-form_dist_index_js-node_modules_delegated-events_dist_inde-94fd67-9a621ecbf672.js]
[github.githubassets.com/assets/sessions-b61003c45c5a.js]
[github.com/logind030.html]
[github.com/picocss/examples/commits/master/v1-preview/js/modal.html]
[raw.githubusercontent.com/picocss/examples/refs/heads/master/v1-preview/js/modal.js]
[github.com/picocss/examples/blob/master/v1-preview/js/modal.html]
[codesandbox.io/p/fonts/inter/Inter-Regular3535.woff2]
[codesandbox.io/p/fonts/inter/Inter-Regular3535.woff]
[codesandbox.io/p/fonts/inter/Inter-SemiBold3535.woff2]
[codesandbox.io/p/fonts/inter/Inter-SemiBold3535.woff]
[codesandbox.io/p/fonts/inter/Inter-Medium3535.woff2]
[codesandbox.io/p/fonts/inter/Inter-Medium3535.woff]
[codesandbox.io/p/fonts/inter/Inter-Italic3535.woff2]
[codesandbox.io/p/fonts/inter/Inter-Italic3535.woff]
[codesandbox.io/p/fonts/inter/inter.css]
[codesandbox.io/p/assets/index-1b3a74fc.css]
[codesandbox.io/p/devbox/github/picocss/examples/tree/master/editor-sw.html]
[picocss.com/build/_assets/red-FKA73UIC.css]
[picocss.com/build/_assets/pink-IJBRNEJE.css]
[picocss.com/build/_assets/fuchsia-TESC27VJ.css]
[picocss.com/build/_assets/purple-6WVMNSBD.css]
[picocss.com/build/_assets/violet-SP62MTRB.css]
[picocss.com/build/_assets/indigo-MFZWGPGN.css]
[picocss.com/build/_assets/blue-A5DCZ2CG.css]
[picocss.com/build/_assets/cyan-5KQUYNBF.css]
[picocss.com/build/_assets/jade-4JDIZWZA.css]
[picocss.com/build/_assets/green-R2U53K5Q.css]
[picocss.com/build/_assets/lime-AWFHOCZU.css]
[picocss.com/build/_assets/yellow-K35L5C66.css]
[picocss.com/build/_assets/amber-PLCJJUAD.css]
[picocss.com/build/_assets/pumpkin-MRGPUWMS.css]
[picocss.com/build/_assets/orange-JXTP4OSP.css]
[picocss.com/build/_assets/sand-OSTTNT2S.css]
[picocss.com/build/_assets/grey-UKQEM33J.css]
[picocss.com/build/_assets/zinc-BEV5ZJBW.css]
[picocss.com/build/_assets/slate-7YHJ5O3D.css]
[codesandbox.io/static/fonts/inter/Inter-Thin-BETA.woff2]
[codesandbox.io/static/fonts/inter/Inter-Thin-BETA.woff]
[codesandbox.io/static/fonts/inter/Inter-ThinItalic-BETA.woff2]
[codesandbox.io/static/fonts/inter/Inter-ThinItalic-BETA.woff]
[codesandbox.io/static/fonts/inter/Inter-ExtraLight-BETA.woff2]
[codesandbox.io/static/fonts/inter/Inter-ExtraLight-BETA.woff]
[codesandbox.io/static/fonts/inter/Inter-ExtraLightItalic-BETA.woff2]
[codesandbox.io/static/fonts/inter/Inter-ExtraLightItalic-BETA.woff]
[codesandbox.io/static/fonts/inter/Inter-Light-BETA.woff2]
[codesandbox.io/static/fonts/inter/Inter-Light-BETA.woff]
[codesandbox.io/static/fonts/inter/Inter-LightItalic-BETA.woff2]
[codesandbox.io/static/fonts/inter/Inter-LightItalic-BETA.woff]
[codesandbox.io/static/fonts/inter/Inter-Regular.woff2]
[codesandbox.io/static/fonts/inter/Inter-Regular.woff]
[codesandbox.io/static/fonts/inter/Inter-Italic.woff2]
[codesandbox.io/static/fonts/inter/Inter-Italic.woff]
[codesandbox.io/static/fonts/inter/Inter-Medium.woff2]
[codesandbox.io/static/fonts/inter/Inter-Medium.woff]
[codesandbox.io/static/fonts/inter/Inter-MediumItalic.woff2]
[codesandbox.io/static/fonts/inter/Inter-MediumItalic.woff]
[codesandbox.io/static/fonts/inter/Inter-SemiBold.woff2]
[codesandbox.io/static/fonts/inter/Inter-SemiBold.woff]
[codesandbox.io/static/fonts/inter/Inter-SemiBoldItalic.woff2]
[codesandbox.io/static/fonts/inter/Inter-SemiBoldItalic.woff]
[codesandbox.io/static/fonts/inter/Inter-Bold.woff2]
[codesandbox.io/static/fonts/inter/Inter-Bold.woff]
[codesandbox.io/static/fonts/inter/Inter-BoldItalic.woff2]
[codesandbox.io/static/fonts/inter/Inter-BoldItalic.woff]
[codesandbox.io/static/fonts/inter/Inter-ExtraBold.woff2]
[codesandbox.io/static/fonts/inter/Inter-ExtraBold.woff]
[codesandbox.io/static/fonts/inter/Inter-ExtraBoldItalic.woff2]
[codesandbox.io/static/fonts/inter/Inter-ExtraBoldItalic.woff]
[codesandbox.io/static/fonts/inter/Inter-Black.woff2]
[codesandbox.io/static/fonts/inter/Inter-Black.woff]
[codesandbox.io/static/fonts/inter/Inter-BlackItalic.woff2]
[codesandbox.io/static/fonts/inter/Inter-BlackItalic.woff]
[codesandbox.io/static/fonts/inter/Inter-upright.var.woff2]
[codesandbox.io/static/fonts/inter/Inter-italic.var.woff2]
[codesandbox.io/static/fonts/inter/Inter.var.woff2]
[codesandbox.io/static/fonts/inter/inter.css]
[codesandbox.io/static/fonts/monolisa.css]
[codesandbox.io/static/css/common.fbffe659.chunk.css]
[codesandbox.io/static/css/vendors_embed.ae83d4bc.chunk.css]
[codesandbox.io/static/css/default_app_embed.aeaefc59.chunk.css]
[codesandbox.io/static/css/embed.c8026191.css]
[github.githubassets.com/assets/light-3e154969b9f9.css]
[github.githubassets.com/assets/dark-9c5b7a476542.css]
[github.githubassets.com/assets/dark_dimmed-afda8eb0fb33.css]
[github.githubassets.com/assets/dark_high_contrast-2494e44ccdc5.css]
[github.githubassets.com/assets/dark_colorblind-56fff47acadc.css]
[github.githubassets.com/assets/light_colorblind-71cd4cc132ec.css]
[github.githubassets.com/assets/light_high_contrast-fd5499848985.css]
[github.githubassets.com/assets/light_tritanopia-31d17ba3e139.css]
[github.githubassets.com/assets/dark_tritanopia-68d6b2c79663.css]
[github.githubassets.com/assets/primer-primitives-4cf0d59ab51a.css]
[github.githubassets.com/assets/primer-03722e173ec3.css]
[github.githubassets.com/assets/octocat-spinner-16px-EAF2F5-8b50b1cd56db.gif]
[github.githubassets.com/assets/octocat-spinner-32-EAF2F5-ada8eb30dd92.gif]
[github.githubassets.com/assets/background-yellowhatch-v3-ffd8c31a935a.png]
[github.githubassets.com/assets/octocat-spinner-16px-52b21dd0a90e.gif]
[github.githubassets.com/assets/error-27e08d342a06.png]
[github.githubassets.com/assets/octocat-spinner-32-36e32e38816e.gif]
[github.githubassets.com/assets/global-521d889e2b6c.css]
[github.githubassets.com/assets/error@2x-92d4bca0a053.png]
[github.githubassets.com/assets/octocat-spinner-64-5a4957be9e70.gif]
[github.githubassets.com/assets/trans_bg-b507cc0d0e5d.gif]
[github.githubassets.com/assets/octocat-spinner-128-9d4bc3602169.gif]
[github.githubassets.com/assets/projects-beta-banner-mobile-d1fa5b9e56f6.png]
[github.githubassets.com/assets/projects-beta-banner-d9365bcc4da8.png]
[github.githubassets.com/assets/projects-beta-banner-dark-fc370172a740.png]
[github.githubassets.com/assets/heart-explosion-9235d9b294df.png]
[github.githubassets.com/assets/github-33c8af45ae17.css]
[github.githubassets.com/assets/ds-actions-prompt-banner-mobile-e5e057312e9f.png]
[github.githubassets.com/assets/ds-actions-prompt-banner-708e9c012f66.png]
[github.githubassets.com/assets/ds-actions-prompt-banner-mobile-dark-3f109897c743.png]
[github.githubassets.com/assets/ds-actions-prompt-banner-dark-7b6a0129760b.png]
[github.githubassets.com/assets/repository-0f7cf89e325a.css]
[github.githubassets.com/assets/code-2cae59811c3d.css]
[github.githubassets.com/assets/primer-react.7558f0254d56b9bec77f.module.css]
[github.githubassets.com/assets/react-code-view.3a11433d5fb649f11287.module.css]
[github.githubassets.com/assets/notifications-subscriptions-menu.1bcff9205c241e99cff2.module.css]
[github.githubassets.com/assets/vendors-node_modules_virtualized-list_es_index_js-node_modules_github_template-parts_lib_index_js-96453a51f920.js]
[github.githubassets.com/assets/vendors-node_modules_github_catalyst_lib_index_js-node_modules_github_hydro-analytics-client_-7901e7-700f80d2c88b.js]
[github.githubassets.com/assets/vendors-node_modules_github_filter-input-element_dist_index_js-node_modules_github_remote-inp-cdab1b-03eba6ef6933.js]
[github.githubassets.com/assets/app_assets_modules_github_ref-selector_ts-a14af0a18402.js]
[github.githubassets.com/assets/app_assets_modules_github_profile_edit-social-account_ts-app_assets_modules_github_settings_p-5bf121-497e16a368bd.js]
[github.githubassets.com/assets/settings-46055ec7b7c2.js]
[github.githubassets.com/assets/signup-e673e33bcb9e.js]
[github.com/opensearch.xml]
[github.com/login.html]
[github.com/manifest.json]
[github.com/password_reset.html]
[github.com/logind030.html]
[github.com/signup9ac8.html]
[github.githubassets.com/assets/vendors-node_modules_github_mini-throttle_dist_decorators_js-node_modules_delegated-events_di-e161aa-a6774a3bb897.js]
[github.githubassets.com/assets/vendors-node_modules_github_file-attachment-element_dist_index_js-node_modules_github_remote--b0e14d-dac8f7484f9f.js]
[github.githubassets.com/assets/repositories-5d28e25f32d2.js]
[github.githubassets.com/assets/vendors-node_modules_react-relay_index_js-ec159195f800.js]
[github.githubassets.com/assets/vendors-node_modules_date-fns_format_mjs-486d100272bc.js]
[github.githubassets.com/assets/vendors-node_modules_date-fns_addWeeks_mjs-node_modules_date-fns_addYears_mjs-node_modules_da-827f4f-cf37cd06c24f.js]
[github.githubassets.com/assets/vendors-node_modules_focus-visible_dist_focus-visible_js-node_modules_fzy_js_index_js-node_mo-c4d1d6-a05a17a9cf03.js]
[github.githubassets.com/assets/vendors-node_modules_lodash-es__Stack_js-node_modules_lodash-es__Uint8Array_js-node_modules_l-4faaa6-13a0602a5edf.js]
[github.githubassets.com/assets/vendors-node_modules_github_hotkey_dist_index_js-node_modules_date-fns_getDaysInMonth_mjs-nod-70c11b-ab75dac7796a.js]
[github.githubassets.com/assets/vendors-node_modules_react-relay_hooks_js-node_modules_github_paste-markdown_dist_index_js-no-da0d56-637b731b17ac.js]
[github.githubassets.com/assets/vendors-node_modules_github_quote-selection_dist_index_js-node_modules_react-intersection-obs-075542-0ccda89eba42.js]
[github.githubassets.com/assets/vendors-node_modules_github_hydro-analytics-client_dist_analytics-client_js-node_modules_gith-598333-dcd7c3d4d0ba.js]
[github.githubassets.com/assets/ui_packages_list-view_src_ListItem_ListItem_tsx-ui_packages_list-view_src_ListItem_Title_tsx--68e5b9-447e679fe06a.js]
[github.githubassets.com/assets/ui_packages_relay-environment_relay-environment_ts-ecb347b1ffc5.js]
[github.githubassets.com/assets/ui_packages_date-picker_date-picker_ts-ui_packages_github-avatar_GitHubAvatar_tsx-985f87837a97.js]
[github.githubassets.com/assets/ui_packages_item-picker_components_RepositoryPicker_tsx-45c14eb065dc.js]
[github.githubassets.com/assets/ui_packages_issue-create_dialog_CreateIssueDialogEntry_tsx-4a787b9f7b06.js]
[github.githubassets.com/assets/ui_packages_commenting_constants_values_ts-ui_packages_use-analytics_use-analytics_ts-ui_pack-e324a1-3d74cf7c462c.js]
[github.githubassets.com/assets/ui_packages_conversations_conversations_ts-3cf07d617ea0.js]
[github.githubassets.com/assets/commits-a5cb7eb258ae.js]
[github.githubassets.com/assets/commits.2e7a3bc6e6388ce595ad.module.css]
[github.com/logina274.html]
[github.com/picocss/examples/commits/master/v1-preview/js/modal.html]
[raw.githubusercontent.com/picocss/examples/refs/heads/master/v1-preview/js/modal.js]
[github.githubassets.com/assets/progressive-disclosure-line-7908f33fc4c6.svg]
[github.githubassets.com/assets/progressive-disclosure-line-dark-b31a1fc5e932.svg]
[github.githubassets.com/assets/octocat-spinner-darkmode-621ec25df5e9.svg]
[github.githubassets.com/assets/octocat-spinner-lightmode-3ac6fd33ead5.svg]
[github.githubassets.com/assets/rules-promo-banner-light-mobile-915fa9def8af.svg]
[github.githubassets.com/assets/rules-promo-banner-light-f2faab0aacee.svg]
[github.githubassets.com/assets/rules-promo-banner-dark-mobile-907c0c4a458d.svg]
[github.githubassets.com/assets/rules-promo-banner-dark-51278c312ec0.svg]
[github.com/picocss/examples/blob/24c4e303c846d40b5bda12c4d7e4c736f12eb207/v1-preview/js/modal.html]
[github.com/login.html]
[github.com/password_reset.html]
[github.com/signup3060.html]
[github.githubassets.com/assets/site-1334fcdde1cc.css]
[github.githubassets.com/assets/signup-d5838845f541.css]
[github.githubassets.com/assets/vendors-node_modules_delegated-events_dist_index_js-node_modules_github_memoize_dist_esm_inde-455471-88a4b69f2036.js]
[github.githubassets.com/assets/signup-redesign-8d40f9f6e431.js]
[github.githubassets.com/assets/launch-codes-mona-fallback@1x-baf96e8322b3.jpg]
[github.com/email_validity_checks.1f5.delayed]
[github.com/password_validity_checks.1f6.delayed]
[github.com/signup9ac8.html]
[github.githubassets.com/assets/commits.2e7a3bc6e6388ce595ad.module.css]
[github.com/security.html]
[github.com/logina274.html]
[github.com/picocss/examples/blob/24c4e303c846d40b5bda12c4d7e4c736f12eb207/v1-preview/js/modal.html]
[github.com/signupbebb.html]
[github.com/signup3060.html]
[github.com/login9be0.html]
[github.githubassets.com/assets/mona-sans-d1bf285e9b9b.woff2]
[github.githubassets.com/assets/hubot-sans-597e45ee1797.woff2]
[github.githubassets.com/assets/site-1334fcdde1cc.css]
[github.githubassets.com/assets/bg-e29af394bc47.jpg]
[github.githubassets.com/assets/signup-d5838845f541.css]
[github.com/email_validity_checks.html]
[github.com/password_validity_checks.html]
[github.com/signup_check/usernamefc8d.html]
[github.githubassets.com/assets/global-banner-disable-f988792be49f.js]
[github.githubassets.com/assets/landing-pages-aa1b1fd9e713.css]
[github.githubassets.com/assets/landing-pages-template-f2-814ed11c102b.css]
[github.githubassets.com/assets/vendors-node_modules_github_mini-throttle_dist_index_js-node_modules_delegated-events_dist_in-bae876-be1aefe93b66.js]
[github.githubassets.com/assets/marketing-53a29943c07e.js]
[github.githubassets.com/assets/vendors-node_modules_three_build_three_module_js-5d880871cb6c.js]
[github.githubassets.com/assets/vendors-node_modules_primer_react-brand_lib_index_js-10c355bd5204.js]
[github.githubassets.com/assets/vendors-node_modules_contentful_rich-text-react-renderer_dist_rich-text-react-renderer_es5_js-1ac0d3-dbeda44e0ce1.js]
[github.githubassets.com/assets/vendors-node_modules_three_examples_jsm_loaders_GLTFLoader_js-76acc511de07.js]
[github.githubassets.com/assets/vendors-node_modules_contentful_rich-text-html-renderer_dist_rich-text-html-renderer_es5_js-b83fdb5d31e7.js]
[github.githubassets.com/assets/ui_packages_document-metadata_document-metadata_ts-ui_packages_swp-core_lib_utils_images_ts-u-61881f-a5485b3f71b9.js]
[github.githubassets.com/assets/ui_packages_microsoft-analytics_microsoft-analytics_ts-b462ad9728b9.js]
[github.githubassets.com/assets/ui_packages_swp-core_schemas_contentful_contentTypes_featuredBento_ts-ui_packages_swp-core_sc-155ce0-f58f12ce020e.js]
[github.githubassets.com/assets/landing-pages-3288da25a9fe.js]
[github.githubassets.com/assets/landing-pages.57f5a813ace70e00f96d.module.css]
[github.com/login9483.html]
[github.com/features/copilot.html]
[github.com/features/security.html]
[github.com/features/actions.html]
[github.com/features/codespaces.html]
[github.com/features/issues.html]
[github.com/features/code-review.html]
[github.com/features/discussions.html]
[github.com/features/code-search.html]
[github.com/features.html]
[github.com/enterprise.html]
[github.com/team.html]
[github.com/enterprise/startups.html]
[github.com/solutions/use-case/devsecops.html]
[github.com/solutions/use-case/devops.html]
[github.com/solutions/use-case/ci-cd.html]
[github.com/solutions/use-case.html]
[github.com/solutions/industry/healthcare.html]
[github.com/solutions/industry/financial-services.html]
[github.com/solutions/industry/manufacturing.html]
[github.com/solutions/industry/government.html]
[github.com/solutions/industry.html]
[github.com/solutions.html]
[github.com/resources/articles/ai.html]
[github.com/resources/articles/devops.html]
[github.com/resources/articles/security.html]
[github.com/resources/articles/software-development.html]
[github.com/resources/articles.html]
[github.com/customer-stories.html]
[github.com/sponsors.html]
[github.com/readme.html]
[github.com/topics.html]
[github.com/trending.html]
[github.com/collections.html]
[github.com/enterprise/advanced-security.html]
[github.com/enterprise/premium-support.html]
[github.com/pricing.html]
[github.com/search/custom_scopes/check_name.239.delayed]
[github.com/signup12c4.html]
[github.com/logine7b6.html]
[github.com/trust-center.html]
[github.com/enterprise/contactecc8.html]
[github.com/advisories.html]
[github.com/github/roadmap.html]
[github.com/education.html]
[github.com/mobile.html]
[github.com/about.html]
[github.com/customer-stories49ee.html]
[github.com/newsroom.html]
[github.com/about/diversity.html]
[github.com/github/site-policy/pull/582.html]
[github.com/sitemap.html]
[github.com/git-guides.html]
[github.com/security.html]
[github.com/signupbebb.html]
[github.com/github.html]
[github.com/login9be0.html]
[github.com/signup0e38.html]
[github.githubassets.com/assets/cursor-pause-492c4cbf3823.svg]
[github.githubassets.com/assets/cursor-play-962489b084fb.svg]
[github.githubassets.com/assets/landing-pages-aa1b1fd9e713.css]
[github.githubassets.com/assets/landing-pages-template-f2-814ed11c102b.css]
[github.githubassets.com/assets/landing-pages.57f5a813ace70e00f96d.module.css]
[github.com/login9483.html]
[github.com/signup35cb.html]
[github.githubassets.com/assets/feature-copilot-110d6937bdc6.css]
[github.com/features/copilot/plans0792.html]
[github.com/images/modules/site/copilot/hero.jpg]
[github.com/images/modules/site/copilot/enterprise-1.jpg]
[github.com/images/modules/site/copilot/enterprise-4.jpg]
[github.com/images/modules/site/copilot/productivity-bg-head.png]
[github.com/features/copilot/extensions.html]
[github.com/images/modules/site/copilot/features-bento-4-google.png]
[github.com/images/modules/site/copilot/features-bento-4-apple.png]
[github.com/images/modules/site/copilot/pricing-gradient.jpg]
[github.com/features/copilot.html]
[github.com/features/security/code-scanning.html]
[github.com/features/security.html]
[github.com/features/security/software-supply-chain.html]
[github.githubassets.com/assets/feature-shared-fp24-83be21ec0e49.css]
[github.githubassets.com/assets/feature-actions-fp24-3d54d49f560b.css]
[github.com/features/actions.html]
[github.githubassets.com/assets/feature-codespaces-fp24-f9eea209d45e.css]
[github.com/features/codespaces.html]
[github.githubassets.com/assets/feature-issues-fp24-8fd47cb4e696.css]
[github.com/features/issues.html]
[github.githubassets.com/assets/feature-code-review-fp24-fd456e5739e1.css]
[github.com/features/code-review.html]
[github.githubassets.com/assets/feature-discussions-fp24-322488a24a89.css]
[github.com/features/discussions.html]
[github.githubassets.com/assets/feature-code-search-fp24-bf4d98cbd60c.css]
[github.com/features/code-search.html]
[github.githubassets.com/assets/features-fp24-60385d8337b6.css]
[github.com/login9290.html]
[github.com/features.html]
[github.com/signup9a0d.html]
[github.githubassets.com/assets/enterprise-react-55c63f1dc721.css]
[github.githubassets.com/assets/marketing-enterprise-b96705ddf7df.js]
[github.com/features/index.html]
[github.com/logindc1c.html]
[github.com/signupcd28.html]
[github.com/organizations/enterprise_pland977.html]
[github.com/enterprise/contactc8c7.html]
[github.com/images/modules/site/enterprise/2023/hero-visual.png]
[github.com/images/modules/site/enterprise/2023/logos/logo-stripe.svg]
[github.com/images/modules/site/enterprise/2023/logos/logo-twilio.svg]
[github.com/images/modules/site/enterprise/2023/logos/logo-spotify.svg]
[github.com/images/modules/site/enterprise/2023/logos/logo-arduino.svg]
[github.com/images/modules/site/enterprise/2023/logos/logo-ford.svg]
[github.com/images/modules/site/enterprise/2023/logos/logo-3m.svg]
[github.com/images/modules/site/enterprise/2023/logos/logo-pg.svg]
[github.com/images/modules/site/enterprise/2023/logos/logo-aa.svg]
[github.com/images/modules/site/enterprise/2023/logos/logo-nationwide.svg]
[github.com/images/modules/site/enterprise/2023/logos/logo-kpmg.svg]
[github.com/organizations/enterprise_pland7a7.html]
[github.com/images/modules/site/enterprise/2023/devops.png]
[github.com/marketplace.html]
[github.com/images/modules/site/enterprise/2023/platform.png]
[github.com/images/modules/site/enterprise/2023/ai.png]
[github.com/images/modules/site/enterprise/2023/avatar-emilio.png]
[github.com/images/modules/site/enterprise/2023/element-1.png]
[github.com/images/modules/site/enterprise/2023/element-2.png]
[github.com/images/modules/site/enterprise/2023/copilot-icon.png]
[github.com/images/modules/site/enterprise/2023/code-window.png]
[github.com/customer-stories/mercado-libre.html]
[github.com/images/modules/site/enterprise/2023/ci-cd.png]
[github.com/images/modules/site/enterprise/2023/time.png]
[github.com/images/modules/site/enterprise/2023/testing.png]
[github.com/customer-stories/dvag.html]
[github.com/images/modules/site/enterprise/2023/dvag.jpg]
[github.com/images/modules/site/enterprise/2023/terminal.png]
[github.com/images/modules/site/enterprise/2023/globe.png]
[github.com/images/modules/site/enterprise/2023/reduce.png]
[github.com/customer-stories/telus.html]
[github.com/images/modules/site/enterprise/2023/telus.jpg]
[github.com/organizations/enterprise_plan63e9.html]
[github.com/enterprise/contactf875.html]
[github.com/marketplace47d9.html]
[github.com/enterprise/contact.html]
[github.com/enterprise.html]
[github.com/loginf350.html]
[github.githubassets.com/assets/team-9d3731b868a5.css]
[github.com/loginf6b1.html]
[github.com/signup37f6.html]
[github.com/signup.html]
[github.com/signup7829.html]
[github.githubassets.com/assets/califa-1ed7dddbe5d0.jpg]
[github.githubassets.com/assets/ohjoycelau-ffc18e400d35.jpg]
[github.githubassets.com/assets/lerebear-9bbe80165605.jpg]
[github.githubassets.com/assets/teenage-witch-12c6ca8df12f.jpg]
[github.githubassets.com/assets/broccolini-617b23298f88.jpg]
[github.githubassets.com/assets/benbalter-bcd77755ea5c.jpg]
[github.githubassets.com/assets/dialogue-califa-398a5d8ed341.png]
[github.githubassets.com/assets/dialogue-teenage-witch-c100d21398a2.png]
[github.githubassets.com/assets/dialogue-broccolini-53bcb3c38a9d.png]
[github.githubassets.com/assets/team-hero-artwork--mobile-1c8ea610c17d.png]
[github.com/signup5842.html]
[github.githubassets.com/assets/integrations-1-0e4ac8f660ac.png]
[github.githubassets.com/assets/integrations-2-d0d5052e34b7.png]
[github.githubassets.com/assets/integrations-3-0eb8629976dc.png]
[github.githubassets.com/assets/integrations-4-a9f71db3ec4a.png]
[github.githubassets.com/assets/integrations-5-980139e8195f.png]
[github.githubassets.com/assets/integrations-6-378b8d4ec66b.png]
[github.githubassets.com/assets/access-87b1db9274e4.png]
[github.com/marketplace/jira-software-github.html]
[github.githubassets.com/assets/code-review-5bb65d17b71b.png]
[github.githubassets.com/assets/projects-36af2ec9bad1.png]
[github.githubassets.com/assets/peakmoney-bg-flat-de11f4cc76e8.jpg]
[github.githubassets.com/assets/peak-money-807e8e3a9bf5.jpg]
[github.githubassets.com/assets/workflow-b3ba24f1f940.png]
[github.com/marketplace/actions/checkout.html]
[github.com/marketplace/actions/setup-node-js-environment.html]
[github.com/marketplace/actions/npm-publish.html]
[github.githubassets.com/assets/frontapp-bg-flat-4e5432484b26.jpg]
[github.com/marketplace158b.html]
[github.githubassets.com/assets/front-app-3ecb5cdc2b09.jpg]
[github.githubassets.com/assets/security-overlay-b4a0cb3c15cc.png]
[github.githubassets.com/assets/trayio-bg-flat-ceaafe883852.jpg]
[github.githubassets.com/assets/tray-io-1a57b588f8e5.jpg]
[github.githubassets.com/assets/kubernetes-b12542ff9919.png]
[github.githubassets.com/assets/mailchimp-2ccb2b8c59a3.png]
[github.githubassets.com/assets/tensorflow-5a8835d7990d.png]
[github.githubassets.com/assets/directus-7c51e09d34a8.png]
[github.githubassets.com/assets/circle-b6e996af8325.png]
[github.githubassets.com/assets/societe-generale-622d313c941f.png]
[github.githubassets.com/assets/vue-20938d995e75.png]
[github.githubassets.com/assets/gatsby-bbce9c4739e6.png]
[github.githubassets.com/assets/python-90ae3fc0372f.png]
[github.githubassets.com/assets/zendesk-7898342287ca.png]
[github.githubassets.com/assets/dazn-d5efacceeb1c.png]
[github.githubassets.com/assets/dotnet-ac033f621ef5.png]
[github.githubassets.com/assets/tenancy-e16534b353e8.png]
[github.githubassets.com/assets/stripe-395e1b0912cb.png]
[github.githubassets.com/assets/django-26ff1dafd1ce.png]
[github.com/customer-stories/front.html]
[github.githubassets.com/assets/frontapp-e70567067693.jpg]
[github.githubassets.com/assets/trayio-4724cae4c37b.jpg]
[github.com/customer-stories/trayio.html]
[github.com/customer-stories28f8.html]
[github.com/team.html]
[github.githubassets.com/assets/marketing-startups-e77cd713f9e4.css]
[github.githubassets.com/assets/marketing-startups-d49e9414abe3.js]
[github.githubassets.com/assets/marketing-form-validator-885389d0a6b7.js]
[github.githubassets.com/assets/pr-comment-f9cc99061532.png]
[github.githubassets.com/assets/issue-tasks-progress-reduced-motion-d920d5bbc273.png]
[github.githubassets.com/assets/issue-tasks-progress-placeholder-c6a1ffe90071.png]
[github.githubassets.com/assets/code-review-1-7e2c82211e42.png]
[github.githubassets.com/assets/code-review-2-eaf0423ce69a.png]
[github.githubassets.com/assets/dependabot-repo-deeda3bdeaf0.png]
[github.githubassets.com/assets/dependabot-notif-c7e7d63016085e1f.png]
[github.githubassets.com/assets/workflow-file-9bf012faa81b.png]
[github.githubassets.com/assets/action-1-371d42c423e6.png]
[github.githubassets.com/assets/action-2-3b1dd7ab015e.png]
[github.githubassets.com/assets/action-3-4669dc695115.png]
[github.githubassets.com/assets/action-4-e65556972e5c.png]
[github.com/enterprise/startups.html]
[github.com/enterprise/startups/partners.html]
[github.githubassets.com/assets/solutions-80ff96ceee7e.css]
[github.githubassets.com/assets/solutions-a16262f72320.js]
[github.githubassets.com/assets/solutions.77bffb16e8a019cecc5e.module.css]
[images.ctfassets.net/8aevphvgewt8/6w7VtFNpK3sMJ8xnCiBCE/cab41b669b94ce723462f269b2c6dae0/Emilio-Escobar-Datadog-thumbnail_1__1_.png]
[github.com/solutions/use-case/devsecops.html]
[images.ctfassets.net/8aevphvgewt8/1Vb58w9r0lsofmO03TMT8y/5dc2d8e1dd76a03546c2edde01ff3908/373369438-4a17665a-42ed-485f-acac-04b9a24a23f9.jpg]
[github.com/solutions/use-case/devops.html]
[github.com/solutions/use-case/ci-cd.html]
[github.com/solutions/use-case.html]
[images.ctfassets.net/8aevphvgewt8/4YhMUqnLuWiQgj6qwTm2ho/52435451d366756abd1962d963f630ed/doctor-and-child-patient.png]
[images.ctfassets.net/8aevphvgewt8/6xGgTMaGLg4g8UicslH09h/5b895cf3b6b33f2a253a9e54b5136df7/Philips_Wordmark-ALI-global.jpg]
[github.com/solutions/industry/healthcare.html]
[images.ctfassets.net/8aevphvgewt8/5nBVvLrDM14awwu6LGS57t/044c762c1f7a4d9eec1f225bd6920e55/channels4_profile.jpg]
[github.com/solutions/industry/financial-services.html]
[images.ctfassets.net/8aevphvgewt8/2tMTWbmqMOioMvIqJkRqiy/a2a172f59fdbdb07be513dc9b5e40a14/download-1.png]
[github.com/solutions/industry/manufacturing.html]
[github.com/solutions/industry/government.html]
[images.ctfassets.net/8aevphvgewt8/51sKKjo7lZqCMeSbzQL87r/26d376e89c527de06e99caacd0fb3add/373369437-53520afb-5cf9-49f1-8f86-4d669567f71b.jpg]
[github.com/solutions/industry.html]
[github.com/loginc363.html]
[github.com/signupd79a.html]
[github.com/organizations/enterprise_plan4c40.html]
[github.com/enterprise/contact6cf5.html]
[github.com/customer-stories/3m.html]
[github.com/customer-stories/philips.html]
[github.com/customer-stories/pg.html]
[github.com/solutions.html]
[github.com/organizations/enterprise_plan8551.html]
[github.githubassets.com/assets/resources-1909d4b31572.css]
[github.githubassets.com/assets/resources-babebf416d02.js]
[github.githubassets.com/assets/resources.27e64b9adc3eb0426b7d.module.css]
[github.com/enterprise/contact8f1e.html]
[github.com/resources/articles/ai/what-are-ai-agents.html]
[github.com/resources/articles/ai.html]
[github.com/resources/articles/ai/what-is-ai-code-generation.html]
[github.com/resources/articles/ai/ai-coding-tools.html]
[github.com/resources/articles/devops/what-is-a-devops-engineer.html]
[github.com/resources/articles/devops/devops-model.html]
[github.com/resources/articles/devops/devsecops.html]
[github.com/resources/articles/devops/containerization.html]
[github.com/resources/articles/devops/what-is-devops-automation.html]
[github.com/resources/articles/devops/what-is-agile-methodology.html]
[github.com/resources/articles/devops/pipeline.html]
[github.com/resources/articles/devops/ci-cd.html]
[github.com/resources/articles/devops/what-is-devops.html]
[github.com/resources/articles/devops/ci-cd-deployment.html]
[github.com/resources/articles/devops/monitoring-tools.html]
[github.com/resources/articles/devops/continuous-integration.html]
[github.com/resources/articles/devops2679.html]
[github.com/resources/articles/devops.html]
[github.com/resources/articles/devops4658.html]
[github.com/resources/articles/security/what-is-shift-left-testing.html]
[github.com/resources/articles/security/what-is-software-composition-analysis.html]
[github.com/resources/articles/security/what-is-security-testing.html]
[github.com/resources/articles/security/what-is-vulnerability-scanning.html]
[github.com/resources/articles/security/what-is-threat-modeling.html]
[github.com/resources/articles/security/what-is-fuzz-testing.html]
[github.com/resources/articles/security/what-is-rasp.html]
[github.com/resources/articles/security/mobile-application-security.html]
[github.com/resources/articles/security/what-is-sast.html]
[github.com/resources/articles/security/application-security-posture-management.html]
[github.com/resources/articles/security/what-is-application-security.html]
[github.com/resources/articles/security/application-security-testing.html]
[github.com/resources/articles/security2679.html]
[github.com/resources/articles/security.html]
[github.com/resources/articles/security4658.html]
[github.com/resources/articles/software-development/accelerate-innovation-with-innersource.html]
[github.com/resources/articles/software-development/what-is-open-source-software.html]
[github.com/resources/articles/software-development/innersource.html]
[github.com/resources/articles/software-development/what-is-software-development.html]
[github.com/resources/articles/software-development/what-is-version-control.html]
[github.com/resources/articles/software-development/tools-and-techniques-for-effective-code-documentation.html]
[github.com/resources/articles/software-development/what-is-software-architecture.html]
[github.com/resources/articles/software-development/what-is-a-programming-language.html]
[github.com/resources/articles/software-development/what-is-sdlc.html]
[github.com/resources/articles/software-development/how-to-improve-code-with-code-reviews.html]
[github.com/resources/articles/software-development/what-is-software-engineering.html]
[github.com/resources/articles/software-development/regression-testing-definition-types-and-tools.html]
[github.com/resources/articles/software-development2679.html]
[github.com/resources/articles/software-development.html]
[github.com/resources/articles/software-development4658.html]
[github.com/resources/articles2679.html]
[github.com/resources/articles4658.html]
[github.com/resources/articles9ba9.html]
[github.com/resources/articles.html]
[github.com/resources/articlesfdb0.html]
[github.githubassets.com/assets/customer-stories-09cf584c51b5.css]
[github.com/login0700.html]
[github.com/signupc84c.html]
[github.com/customer-stories/enterprise.html]
[github.com/customer-stories/team.html]
[github.com/customer-stories/all.html]
[github.githubassets.com/assets/homepage-gradient-mobile-a7ebb27b7922.png]
[github.com/organizations/enterprise_plan020c.html]
[github.githubassets.com/assets/homepage-gradient-071e6c8a6b2e.jpg]
[images.ctfassets.net/aukesvz1i7g8/3jhHCPFWM9GYplQ5SJwlpb/42122b715ca0806f34408300669323e0/1084170908205a.jpg]
[images.ctfassets.net/aukesvz1i7g8/B5soWT6rEOFCz6hRm9rrz/0893d06dc5842bdd196628522e67e789/philips-logo.png]
[images.ctfassets.net/aukesvz1i7g8/RDmrAsTVuPvbb23BIcKCB/73783ce659c1d20ed2705754d430a053/Hero_Image205a.jpg]
[github.com/customer-stories/accenture.html]
[images.ctfassets.net/aukesvz1i7g8/2hSBmGoAOVE0KrrYG2fXN3/161236c0f27436c72fae63ec9ae1e020/CARLSBERG_05168_2205a.jpg]
[github.com/customer-stories/carlsberg-group.html]
[images.ctfassets.net/aukesvz1i7g8/1n9IAm8PAwVzxyKGLFIg57/eba33c0d6bed7e91487f4e998860a669/spotify-with-padding.png]
[images.ctfassets.net/aukesvz1i7g8/1IdlERjPOc6o0tMMwPktta/b371d94214b44328c3442343d5da438a/THD_logo.png]
[images.ctfassets.net/aukesvz1i7g8/yhYvjv48AZBZQHcgYy8GG/7e381bdab15f16acc817abcb73e8b901/stripe-with-padding.png]
[images.ctfassets.net/aukesvz1i7g8/1KtgtT4dysEMs1hujGn3qY/e86f9836af88c98608cc7782d6f5d031/American_Airlines_logo_2013.png]
[github.com/customer-stories/enterprise973f.html]
[github.com/customer-stories/enterprise22c6.html]
[github.com/customer-stories/enterprise12c5.html]
[github.com/customer-stories/enterprisee64a.html]
[github.com/customer-stories/enterprised6cb.html]
[github.com/customer-stories/enterprise5fae.html]
[github.com/customer-stories/enterprise01c6.html]
[github.com/customer-stories/enterpriseb552.html]
[github.com/customer-stories/enterprise5640.html]
[github.com/customer-stories/enterprise804e.html]
[github.com/customer-stories/enterprisea86b.html]
[github.com/customer-stories/enterprise44b9.html]
[github.com/customer-stories/enterprisef139.html]
[github.com/customer-stories/enterprise29f2.html]
[github.com/customer-stories/enterprise19fd.html]
[github.com/customer-stories/enterprise0ef1.html]
[github.com/customer-stories/enterprisee920.html]
[github.com/customer-stories/enterprisee44f.html]
[github.com/customer-stories/enterprisecdb0.html]
[github.com/customer-stories/enterprisec1a0.html]
[github.com/customer-stories/enterprise9498.html]
[github.com/customer-stories/enterprise737c.html]
[github.com/customer-stories/enterprise892d.html]
[github.com/customer-stories/enterprise086c.html]
[github.com/customer-stories/enterprised546.html]
[github.com/customer-stories/enterprisee9ef.html]
[github.com/customer-stories/enterprisedf19.html]
[github.com/customer-stories/enterpriseb655.html]
[github.com/customer-stories/enterprised985.html]
[github.com/customer-stories/enterprise0a01.html]
[github.com/customer-stories/enterprise6194.html]
[github.com/customer-stories/enterprise5cb3.html]
[github.com/customer-stories/enterprise2d9f.html]
[github.com/customer-stories/enterprisedd65.html]
[github.com/customer-stories/enterprise48f0.html]
[github.com/customer-stories/enterprise7281.html]
[github.com/customer-stories/enterprise7adb.html]
[github.com/customer-stories/enterprise58f9.html]
[github.com/customer-stories/enterprise962b.html]
[images.ctfassets.net/aukesvz1i7g8/5s3nMriKbZ3uCFWzEO9KiD/abe30452d9ed0c02adf8c674a9f82cd7/spotifyhero885e.jpg]
[images.ctfassets.net/aukesvz1i7g8/2Gyfd1GXrnQSj1VxTHbmhM/5e7d5f0d94a0336dc15aa40140f447c9/buzzfeedhero885e.jpg]
[github.com/customer-stories/spotify.html]
[github.com/customer-stories/buzzfeed.html]
[images.ctfassets.net/aukesvz1i7g8/5lRgjw7UpOfXHa72ItVL4L/d88a80efcdac5a04461710508906368f/wileyhero885e.jpg]
[github.com/customer-stories/wiley.html]
[github.com/customer-stories/dominion.html]
[images.ctfassets.net/aukesvz1i7g8/OxRGEzh4O5BmI0sTzi806/c3e3ea543ddbb49e8041dea4a50d0396/hero885e.jpg]
[images.ctfassets.net/aukesvz1i7g8/3LYXAVc3hKZngIntcQ4Pg9/a46f4409c595108ef33ba489b71f1723/hero885e.jpg]
[github.com/customer-stories/cyberagent.html]
[github.com/customer-stories/paramount-streaming.html]
[github.githubassets.com/assets/highlighted-story-background-00cf59ae6763.png]
[github.com/customer-stories/duolingo.html]
[github.com/customer-stories/team973f.html]
[github.com/customer-stories/team22c6.html]
[github.com/customer-stories/team12c5.html]
[github.com/customer-stories/teame64a.html]
[github.com/customer-stories/teamd6cb.html]
[github.com/customer-stories/team5fae.html]
[github.com/customer-stories/team01c6.html]
[github.com/customer-stories/teamb552.html]
[github.com/customer-stories/team5640.html]
[github.com/customer-stories/team804e.html]
[github.com/customer-stories/teama86b.html]
[github.com/customer-stories/team44b9.html]
[github.com/customer-stories/teamf139.html]
[github.com/customer-stories/team29f2.html]
[github.com/customer-stories/team19fd.html]
[github.com/customer-stories/team0ef1.html]
[github.com/customer-stories/teame920.html]
[github.com/customer-stories/teame44f.html]
[github.com/customer-stories/teamcdb0.html]
[github.com/customer-stories/teamc1a0.html]
[github.com/customer-stories/team9498.html]
[github.com/customer-stories/team737c.html]
[github.com/customer-stories/team892d.html]
[github.com/customer-stories/team086c.html]
[github.com/customer-stories/teamd546.html]
[github.com/customer-stories/teame9ef.html]
[github.com/customer-stories/teamdf19.html]
[github.com/customer-stories/teamb655.html]
[github.com/customer-stories/teamd985.html]
[github.com/customer-stories/team0a01.html]
[github.com/customer-stories/team6194.html]
[github.com/customer-stories/team5cb3.html]
[github.com/customer-stories/team2d9f.html]
[github.com/customer-stories/teamdd65.html]
[github.com/customer-stories/team48f0.html]
[github.com/customer-stories/team7281.html]
[github.com/customer-stories/team7adb.html]
[github.com/customer-stories/team58f9.html]
[github.com/customer-stories/team962b.html]
[images.ctfassets.net/aukesvz1i7g8/2sUDKQOT1CgpIvRUbnydu4/879bbfc65d1b19a2eae47d96982d8d82/buffer2885e.jpg]
[images.ctfassets.net/aukesvz1i7g8/2VJ2UyGPOi9vExuwQ6DqEb/8a0df592845920542699ba55e4d5fd09/cesiumhero885e.jpg]
[github.com/customer-stories/buffer.html]
[images.ctfassets.net/aukesvz1i7g8/7n0NkBIpDXUsG7EritTBw2/3ce771fd7c80ffa0d584a4afe9e046b9/front5885e.jpg]
[github.com/customer-stories/cesium.html]
[github.com/customer-stories/knock.html]
[images.ctfassets.net/aukesvz1i7g8/lhJzZZ67j6XJgB0HweqXk/455b2a9ea46c05849050c1a5434c0929/knock5885e.jpg]
[images.ctfassets.net/aukesvz1i7g8/4kPwr8oVtCnf54HEzxk3Bg/e3b90fc128e617f67a73a1136c5101e7/modsy1885e.jpg]
[github.com/customer-stories/modsy.html]
[images.ctfassets.net/aukesvz1i7g8/2EHfxOI2PXvXXsJsRSCA51/8df7b57c4695c4a397bd2c779a908a5d/netdata5885e.jpg]
[images.ctfassets.net/aukesvz1i7g8/7qYNHFUpxcV4rGKeGhhi63/29fc5e7ddcba2ebf39862760863754f6/Ali_headshot08f9.png]
[github.com/customer-stories/netdata.html]
[images.ctfassets.net/aukesvz1i7g8/3ulmyRUep8GvUlycjbv62V/b01a3c41fe312cb1b22f4aa28f8f300b/Jen_headshot08f9.png]
[images.ctfassets.net/aukesvz1i7g8/1O4CylMFmbyD6V7TrVq3Vu/a653bd5f840f80b3b5ea5e341c1bb65f/Santosh_headshot08f9.png]
[images.ctfassets.net/aukesvz1i7g8/7sKronzZMQN0IDEyBqGy7a/569ca365727460b48de4e772833d996c/Avdesh_headshot08f9.png]
[github.com/login3498.html]
[github.com/customer-stories.html]
[github.com/organizations/enterprise_plandee2.html]
[github.com/logind5a6.html]
[github.com/signupf1fe.html]
[github.com/sponsors/explore.html]
[images.ctfassets.net/8aevphvgewt8/HLOaLspfdGpLJFaivD2W1/cc542f8a6efbe9d935acae8700d37197/shopify_glyph.png]
[github.com/loginb084.html]
[github.com/sponsors/Lissy93.html]
[github.com/sponsors/tjbck.html]
[github.com/sponsors/curl.html]
[github.com/sponsors.html]
[github.com/explore.html]
[github.githubassets.com/assets/readme-5b613c46e244.css]
[github.githubassets.com/assets/marketing-readme-26b276021d97.js]
[github.com/login21fc.html]
[images.ctfassets.net/s5uo95nf6njh/2aJ5GA3J4vBXLb79ZAst2H/a09e72619ddca5e194a55f729314dd24/AccessibilityIllustration885e.jpg]
[github.com/signup757c.html]
[images.ctfassets.net/s5uo95nf6njh/9MBUXeNZV29Ix5IfPQ8rN/7f173d6cd8b536e9cba79bf8343a5cd1/Hero_arted54.jpg]
[github.com/readme/featured/nvda-coding-accessibility-software-blind.html]
[images.ctfassets.net/s5uo95nf6njh/5OJIIppZBMucnpzjPXS9FG/c7f88b0e848503c0db0225bdd0b7694d/Annalu-135_Headshot__1_ed54.jpg]
[github.com/readme/featured/disability-creativity.html]
[images.ctfassets.net/s5uo95nf6njh/4mhPoQw1uGpqGG9YKy4jvH/7c1b96669654c4b324493bff9b9258db/ReadME_Project_Coding_Accessibilityed54.jpg]
[github.com/readme/stories/annalu-waller.html]
[images.ctfassets.net/s5uo95nf6njh/1l6G5uYIyNkyb7STGstVs4/ee9d4b293ddfb479989afc2bdb471f2b/Github_CodingAccessibility__1_ed54.jpg]
[github.com/readme/featured/open-source-aac.html]
[github.com/readme/featured/accessibility-artificial-intelligence.html]
[github.com/readme/featured.html]
[github.com/readme/stories.html]
[github.com/readme/guides.html]
[github.com/readme/podcast.html]
[github.com/readme/topics.html]
[github.com/readme/topics/artificial-intelligence.html]
[github.com/readme/topics/application-security.html]
[github.com/readme/topics/career-development.html]
[github.com/readme/topics/devops-automation.html]
[github.com/readme/topics/maintainer.html]
[github.com/readme/topics/programming.html]
[images.ctfassets.net/s5uo95nf6njh/1yBuobTsmIBl6dCu0fArh5/247c85cc11475c51ddcc14b99f12b819/2000x1200-RMP-E_30-Slide-Coverb6a2.png]
[github.com/login4bcd.html]
[images.ctfassets.net/s5uo95nf6njh/3AeK3GGFkeG6NF02Xa9HJP/3777d9722a7b08dd18dd85a0c0fd8767/1920x1080-RMP-E_33-Web-Coverb6a2.png]
[github.com/readme/podcast/code-and-community.html]
[images.ctfassets.net/s5uo95nf6njh/2aLilxF4rsokt6n61jbrrs/9f13e5e5a69608391a38f46ca12f8175/ASSIGNED_Automation_Final_Tim_Peacock__1_75ea.jpg]
[github.com/readme/podcast/powering-public-goods.html]
[github.com/readme/guides/coding-generative-ai.html]
[images.ctfassets.net/s5uo95nf6njh/tmlOvgq3LjOU8IlQOi5Z7/97d0a755ccf48d50a88dd799dd12dff8/Open_source_staircase__1___1_75ea.jpg]
[github.com/readme/guides/finish-your-projects.html]
[images.ctfassets.net/s5uo95nf6njh/5hilneHZlmZfYj3hd9ERip/77adf7b8d87bb7ce1aa7ffe79bd6c846/GithubStockIllos_Hiring_final_copy__1_75ea.jpg]
[github.com/readme/guides/first-job-in-tech.html]
[images.ctfassets.net/s5uo95nf6njh/5OJIIppZBMucnpzjPXS9FG/c7f88b0e848503c0db0225bdd0b7694d/Annalu-135_Headshot__1_400a.jpg]
[images.ctfassets.net/s5uo95nf6njh/7IyLxVhYlTlfr4QvMpzVSt/1480354ec0f3cd7c99ac8c55f70331ef/1080x1920-ReadMe-IG_Story_Image_Only-EP32-DevStory_2xe60c.png]
[github.com/readme/topics/accessibility.html]
[images.ctfassets.net/s5uo95nf6njh/1nyeCSafHNjjSkWEhiemCe/43a308b7e94496ec77e4106c7a531923/1080x1920-Episode_Art-30_2xe60c.png]
[github.com/readme/podcast/decoding-conventions.html]
[github.com/readme/podcast/kelsey-hightower.html]
[images.ctfassets.net/s5uo95nf6njh/6HWA7iqQ5aoq9SlmpzX2cr/2a24f1af39fef6074454dcc9cccf6f2d/Github_Laravel__1_885e.jpg]
[images.ctfassets.net/s5uo95nf6njh/3wEjId7w5ENXVnCsWGwvAq/97ce8335a69dd0c05b5f61348decd286/MV_Anton_TheReadMeproject-19__1_5f10.jpg]
[github.com/readme/featured/laravel-community.html]
[github.com/readme/stories/anton-mirhorodchenko.html]
[images.ctfassets.net/s5uo95nf6njh/1Lfz7Gpg5GiF4zcP03gnyB/81da7676e7e609067e45d21957eef159/Hero_Kyler_May2023_0028-275ea.jpg]
[github.com/readme/stories/kyler-middleton.html]
[images.ctfassets.net/s5uo95nf6njh/4cxrXjAroa8IXjN0xgX88P/42702e6c6583ac6deb995335c46b4711/Aaron_Gustafson___Color_575ea.jpg]
[github.com/readme/stories/aaron-gustafson.html]
[images.ctfassets.net/s5uo95nf6njh/2VmdR9x8w2ExD6dcK083ZU/3ab14817a95f1108120ae9568fa63442/20230305LAG03075ea.jpg]
[github.com/readme/stories/ruth-ikegah.html]
[images.ctfassets.net/s5uo95nf6njh/3O4sciFrMmeOhWanc5BZ86/aa92def994ec9c353ce18be83c704f3a/Bettson_DevOps_Observability__1___1_885e.jpg]
[github.com/readme/guides/custom-codeql-queries.html]
[images.ctfassets.net/s5uo95nf6njh/510mz7QBLsVV7W5U4PrkGI/82ba7a5499493eb97f812abb655242c3/Career_development-Github_ladders_final_copy75ea.jpg]
[github.com/readme/guides/federated-model.html]
[images.ctfassets.net/s5uo95nf6njh/1Q86ZWIOSgo94x945IrFrR/b16d3e184edf884f1a0ab5bbc0c3c73a/Colorway_2__1_75ea.jpg]
[github.com/readme/guides/github-runners-philips.html]
[images.ctfassets.net/s5uo95nf6njh/5f5300A0bPWGYkGyDrJAts/0afc7ba8086caa8dfac60300cfd66092/Testing_III__1_75ea.jpg]
[github.com/readme/topics/open-source.html]
[github.com/readme.html]
[github.com/readme.rss]
[github.githubassets.com/assets/explore-742a7653565b.css]
[github.com/readme/guides/fix-accessibility-bugs.html]
[github.githubassets.com/assets/dashboard-a70f6c490d6e.css]
[github.githubassets.com/assets/discussions-adf1d1b8b95c.css]
[github.com/login381e.html]
[github.com/signup652f.html]
[github.com/topics/sass.html]
[raw.githubusercontent.com/github/explore/80688e429a7d4ef2fca1e82350fe8e3517d3494d/topics/sass/sass.png]
[github.com/topics/crystal.html]
[raw.githubusercontent.com/github/explore/80688e429a7d4ef2fca1e82350fe8e3517d3494d/topics/crystal/crystal.png]
[github.com/topics/pixel-art.html]
[raw.githubusercontent.com/github/explore/1e17a81b15f2961de6337c40b02920a681696c33/topics/pixel-art/pixel-art.png]
[github.com/topics/3d.html]
[github.com/logined36.html]
[github.com/topics/ajax.html]
[raw.githubusercontent.com/github/explore/8be26d91eb231fec0b8856359979ac09f27173fd/topics/ajax/ajax.png]
[github.com/login3e97.html]
[github.com/topics/algorithm.html]
[github.com/login339c.html]
[github.com/topics/amphp.html]
[raw.githubusercontent.com/github/explore/99fe59c0f4fb5d6545311440b4ce89a0d82b0804/topics/amphp/amphp.png]
[github.com/login8d4b.html]
[github.com/topics/android.html]
[raw.githubusercontent.com/github/explore/8baf984947f4d9c32006bd03fa4c51ff91aadf8d/topics/android/android.png]
[github.com/login499a.html]
[github.com/topics/angular.html]
[raw.githubusercontent.com/github/explore/c700f6f5bb68a850405eef411cf878162ff34b59/topics/angular/angular.png]
[github.com/login2e36.html]
[github.com/topics/ansible.html]
[raw.githubusercontent.com/github/explore/80688e429a7d4ef2fca1e82350fe8e3517d3494d/topics/ansible/ansible.png]
[github.com/loginc8da.html]
[github.com/topics/api.html]
[github.com/logine1c9.html]
[github.com/topics/arduino.html]
[raw.githubusercontent.com/github/explore/80688e429a7d4ef2fca1e82350fe8e3517d3494d/topics/arduino/arduino.png]
[github.com/login22f3.html]
[github.com/topics/aspnet.html]
[raw.githubusercontent.com/github/explore/80688e429a7d4ef2fca1e82350fe8e3517d3494d/topics/aspnet/aspnet.png]
[github.com/login05e0.html]
[raw.githubusercontent.com/github/explore/80688e429a7d4ef2fca1e82350fe8e3517d3494d/topics/awesome/awesome.png]
[github.com/topics/awesome.html]
[github.com/login57f1.html]
[github.com/topics/aws.html]
[raw.githubusercontent.com/github/explore/fbceb94436312b6dacde68d122a5b9c7d11f9524/topics/aws/aws.png]
[github.com/logind6e5.html]
[github.com/topics/azure.html]
[raw.githubusercontent.com/github/explore/eaef8552d8b082ffafe2bfc8a5023d47da904aac/topics/azure/azure.png]
[github.com/login0fec.html]
[github.com/topics/babel.html]
[raw.githubusercontent.com/github/explore/cb39e2385dfcec8a661d01bfacff6b1e33bbaa9d/topics/babel/babel.png]
[github.com/login99fd.html]
[github.com/topics/bash.html]
[raw.githubusercontent.com/github/explore/80688e429a7d4ef2fca1e82350fe8e3517d3494d/topics/bash/bash.png]
[github.com/logine902.html]
[github.com/topics/bitcoin.html]
[raw.githubusercontent.com/github/explore/80688e429a7d4ef2fca1e82350fe8e3517d3494d/topics/bitcoin/bitcoin.png]
[github.com/login6e49.html]
[github.com/topics/bootstrap.html]
[raw.githubusercontent.com/github/explore/80688e429a7d4ef2fca1e82350fe8e3517d3494d/topics/bootstrap/bootstrap.png]
[github.com/login8a76.html]
[github.com/topics/bot.html]
[raw.githubusercontent.com/github/explore/0a84ca418425da147e4e43b1c74aa169d3265870/topics/bot/bot.png]
[github.com/login8643.html]
[github.com/topics/c.html]
[raw.githubusercontent.com/github/explore/f3e22f0dca2be955676bc70d6214b95b13354ee8/topics/c/c.png]
[github.com/loginb597.html]
[github.com/topics/chrome.html]
[raw.githubusercontent.com/github/explore/002d791bc68a86506b1bb7a3332bb6ba8e1d1891/topics/chrome/chrome.png]
[github.com/loginea4c.html]
[github.com/topics/chrome-extension.html]
[raw.githubusercontent.com/github/explore/8eaa4711f3b6015070483ff1c3b707292304efe4/topics/chrome-extension/chrome-extension.png]
[github.com/login733d.html]
[github.com/topics/cli.html]
[raw.githubusercontent.com/github/explore/168190ce4594f1aee9adcfeb31d5283dbf2085cd/topics/cli/cli.png]
[github.com/login7dbb.html]
[github.com/topics/clojure.html]
[raw.githubusercontent.com/github/explore/80688e429a7d4ef2fca1e82350fe8e3517d3494d/topics/clojure/clojure.png]
[github.com/login0a90.html]
[github.com/topics/code-quality.html]
[github.com/loginedeb.html]
[github.com/topics/code-review.html]
[github.com/login051d.html]
[github.com/topics/compiler.html]
[github.com/login0691.html]
[github.com/topics/continuous-integration.html]
[github.com/login50e1.html]
[github.com/topics/cpp.html]
[raw.githubusercontent.com/github/explore/180320cffc25f4ed1bbdfd33d4db3a66eeeeb358/topics/cpp/cpp.png]
[github.com/logina30a.html]
[github.com/topics/cryptocurrency.html]
[github.com/login6f4e.html]
[github.com/login4f84.html]
[github.com/topics/javascript.html]
[github.com/topics/config.html]
[github.com/topics/python.html]
[github.com/topics/java.html]
[github.com/topics/ai.html]
[github.com/topics/data-visualization.html]
[github.com/topics/mern-stack.html]
[github.com/topics/github-config.html]
[github.com/topics/streamlit.html]
[github.com/topics.html]
[github.com/topics/blazigly.html]
[github.com/logine7f3.html]
[github.com/signup400c.html]
[github.com/trending/developers.html]
[github.com/trending9f79.html]
[github.com/trendinge74f.html]
[github.com/trendingb934.html]
[github.com/trendingabb0.html]
[github.com/trending9142.html]
[github.com/trending1304.html]
[github.com/trendingda25.html]
[github.com/trendingffad.html]
[github.com/trending6884.html]
[github.com/trendinga452.html]
[github.com/trendingbee9.html]
[github.com/trending751f.html]
[github.com/trendingd423.html]
[github.com/trending565f.html]
[github.com/trending87d6.html]
[github.com/trendingcde3.html]
[github.com/trendinge7ea.html]
[github.com/trendingab17.html]
[github.com/trendingd345.html]
[github.com/trendinge35e.html]
[github.com/trending65d9.html]
[github.com/trending1f1e.html]
[github.com/trending4728.html]
[github.com/trending4ff8.html]
[github.com/trending7bae.html]
[github.com/trendingacdc.html]
[github.com/trending5f52.html]
[github.com/trending6bcc.html]
[github.com/trending365c.html]
[github.com/trending0d94.html]
[github.com/trending5695.html]
[github.com/trendinga601.html]
[github.com/trending90b7.html]
[github.com/trending29de.html]
[github.com/trending056e.html]
[github.com/trendinga07b.html]
[github.com/trending5627.html]
[github.com/trending15f4.html]
[github.com/trending9414.html]
[github.com/trendingb9ba.html]
[github.com/trendingeb82.html]
[github.com/trendinge52c.html]
[github.com/trending9dc2.html]
[github.com/trending007d.html]
[github.com/trending394e.html]
[github.com/trendingd546.html]
[github.com/trendinge1c6.html]
[github.com/trending9184.html]
[github.com/trending3fbb.html]
[github.com/trendinge325.html]
[github.com/trending8c9b.html]
[github.com/trendingbd92.html]
[github.com/trending3570.html]
[github.com/trendinga0e8.html]
[github.com/trending3bfe.html]
[github.com/trendingef9e.html]
[github.com/trending87c9.html]
[github.com/trendingb220.html]
[github.com/trendingb62a.html]
[github.com/trendingafa3.html]
[github.com/trending79d5.html]
[github.com/trending925c.html]
[github.com/trending3e46.html]
[github.com/trending2000.html]
[github.com/trending484e.html]
[github.com/trending6e2f.html]
[github.com/trending80ea.html]
[github.com/trending361e.html]
[github.com/trendingeed0.html]
[github.com/trending09cc.html]
[github.com/trending485a.html]
[github.com/trending183c.html]
[github.com/trending92c7.html]
[github.com/trending1321.html]
[github.com/trending25ad.html]
[github.com/trending342d.html]
[github.com/trendingc3cd.html]
[github.com/trendingbb42.html]
[github.com/trending174a.html]
[github.com/trendingc63d.html]
[github.com/trending5cb1.html]
[github.com/trending3217.html]
[github.com/trending006b.html]
[github.com/trendingcdf5.html]
[github.com/trending0154.html]
[github.com/trending6b3c.html]
[github.com/trending15e5.html]
[github.com/trendingfdc4.html]
[github.com/trendinga151.html]
[github.com/trendingef0f.html]
[github.com/trending8758.html]
[github.com/trending73c1.html]
[github.com/trendingf5a4.html]
[github.com/trendingb2fd.html]
[github.com/trending1847.html]
[github.com/trendingc95e.html]
[github.com/trendingb550.html]
[github.com/trendinga5a6.html]
[github.com/trending6058.html]
[github.com/trendingd864.html]
[github.com/trending77af.html]
[github.com/trendingffed.html]
[github.com/trendinga258.html]
[github.com/trending1d45.html]
[github.com/trendingf2cd.html]
[github.com/trendingdb24.html]
[github.com/trending8584.html]
[github.com/trendingcef5.html]
[github.com/trending12f7.html]
[github.com/trendingd67e.html]
[github.com/trending068a.html]
[github.com/trendinge0af.html]
[github.com/trending7ce1.html]
[github.com/trendinge57d.html]
[github.com/trending886b.html]
[github.com/trendingb661.html]
[github.com/trending1d99.html]
[github.com/trendingc564.html]
[github.com/trending766e.html]
[github.com/trendingbb58.html]
[github.com/trending3030.html]
[github.com/trendinged4b.html]
[github.com/trending608a.html]
[github.com/trending5832.html]
[github.com/trending00f1.html]
[github.com/trending225c.html]
[github.com/trending5237.html]
[github.com/trending3ae3.html]
[github.com/trending5e03.html]
[github.com/trending621f.html]
[github.com/trending4eba.html]
[github.com/trendingbbb6.html]
[github.com/trending307f.html]
[github.com/trendingf0ff.html]
[github.com/trending0cbc.html]
[github.com/trendingf965.html]
[github.com/trending1f6f.html]
[github.com/trending5d78.html]
[github.com/trending3516.html]
[github.com/trending780c.html]
[github.com/trending1d04.html]
[github.com/trending97ff.html]
[github.com/trendinga592.html]
[github.com/trendingde0c.html]
[github.com/trendingc03f.html]
[github.com/trending9691.html]
[github.com/trendinga1ef.html]
[github.com/trendingc24d.html]
[github.com/trending4cfe.html]
[github.com/trending2815.html]
[github.com/trendingae7e.html]
[github.com/trending198e.html]
[github.com/trendingdce9.html]
[github.com/trending057f.html]
[github.com/trending7e36.html]
[github.com/trendingc963.html]
[github.com/trendingecb2.html]
[github.com/trending8a4a.html]
[github.com/trending06b0.html]
[github.com/trendingf013.html]
[github.com/trending9df7.html]
[github.com/trendinga696.html]
[github.com/trending2436.html]
[github.com/trending559a.html]
[github.com/trending2365.html]
[github.com/trendingccc6.html]
[github.com/trendingb8b3.html]
[github.com/trending7f4e.html]
[github.com/trending483a.html]
[github.com/trending4095.html]
[github.com/trendingc646.html]
[github.com/trending84e1.html]
[github.com/trendingc5fe.html]
[github.com/trending6a20.html]
[github.com/trendingc0b3.html]
[github.com/trendingd4da.html]
[github.com/trendingc6ac.html]
[github.com/trendingcab6.html]
[github.com/trending7b27.html]
[github.com/trending96ad.html]
[github.com/trending93de.html]
[github.com/trendingb96c.html]
[github.com/trendinge697.html]
[github.com/trending1f4c.html]
[github.com/trending/unknown33bd.html]
[github.com/trending/1c-enterprise33bd.html]
[github.com/trending/2-dimensional-array33bd.html]
[github.com/trending/4d33bd.html]
[github.com/trending/abap33bd.html]
[github.com/trending/abap-cds33bd.html]
[github.com/trending/abnf33bd.html]
[github.com/trending/actionscript33bd.html]
[github.com/trending/ada33bd.html]
[github.com/trending/adblock-filter-list33bd.html]
[github.com/trending/adobe-font-metrics33bd.html]
[github.com/trending/agda33bd.html]
[github.com/trending/ags-script33bd.html]
[github.com/trending/aidl33bd.html]
[github.com/trending/al33bd.html]
[github.com/trending/alloy33bd.html]
[github.com/trending/alpine-abuild33bd.html]
[github.com/trending/altium-designer33bd.html]
[github.com/trending/ampl33bd.html]
[github.com/trending/angelscript33bd.html]
[github.com/trending/ant-build-system33bd.html]
[github.com/trending/antlers33bd.html]
[github.com/trending/antlr33bd.html]
[github.com/trending/apacheconf33bd.html]
[github.com/trending/apex33bd.html]
[github.com/trending/api-blueprint33bd.html]
[github.com/trending/apl33bd.html]
[github.com/trending/apollo-guidance-computer33bd.html]
[github.com/trending/applescript33bd.html]
[github.com/trending/arc33bd.html]
[github.com/trending/asciidoc33bd.html]
[github.com/trending/asl33bd.html]
[github.com/trending/asn33bd.html]
[github.com/trending/classic-asp33bd.html]
[github.com/trending/asp33bd.html]
[github.com/trending/aspectj33bd.html]
[github.com/trending/assembly33bd.html]
[github.com/trending/astro33bd.html]
[github.com/trending/asymptote33bd.html]
[github.com/trending/ats33bd.html]
[github.com/trending/augeas33bd.html]
[github.com/trending/autohotkey33bd.html]
[github.com/trending/autoit33bd.html]
[github.com/trending/avro-idl33bd.html]
[github.com/trending/awk33bd.html]
[github.com/trending/b4x33bd.html]
[github.com/trending/ballerina33bd.html]
[github.com/trending/basic33bd.html]
[github.com/trending/batchfile33bd.html]
[github.com/trending/beef33bd.html]
[github.com/trending/befunge33bd.html]
[github.com/trending/berry33bd.html]
[github.com/trending/bibtex33bd.html]
[github.com/trending/bicep33bd.html]
[github.com/trending/bikeshed33bd.html]
[github.com/trending/bison33bd.html]
[github.com/trending/bitbake33bd.html]
[github.com/trending/blade33bd.html]
[github.com/trending/blitzbasic33bd.html]
[github.com/trending/blitzmax33bd.html]
[github.com/trending/bluespec33bd.html]
[github.com/trending/bluespec-bh33bd.html]
[github.com/trending/boo33bd.html]
[github.com/trending/boogie33bd.html]
[github.com/trending/bqn33bd.html]
[github.com/trending/brainfuck33bd.html]
[github.com/trending/brighterscript33bd.html]
[github.com/trending/brightscript33bd.html]
[github.com/trending/zeek33bd.html]
[github.com/trending/browserslist33bd.html]
[github.com/trending/c33bd.html]
[github.com/trending/c#33bd.html]
[github.com/trending/c++33bd.html]
[github.com/trending/c-objdump33bd.html]
[github.com/trending/c2hs-haskell33bd.html]
[github.com/trending/cabal-config33bd.html]
[github.com/trending/caddyfile33bd.html]
[github.com/trending/cadence33bd.html]
[github.com/trending/cairo33bd.html]
[github.com/trending/cairo-zero33bd.html]
[github.com/trending/cameligo33bd.html]
[github.com/trending/cap-cds33bd.html]
[github.com/trending/cap'n-proto33bd.html]
[github.com/trending/carbon33bd.html]
[github.com/trending/cartocss33bd.html]
[github.com/trending/ceylon33bd.html]
[github.com/trending/chapel33bd.html]
[github.com/trending/charity33bd.html]
[github.com/trending/checksums33bd.html]
[github.com/trending/chuck33bd.html]
[github.com/trending/cil33bd.html]
[github.com/trending/circom33bd.html]
[github.com/trending/cirru33bd.html]
[github.com/trending/clarion33bd.html]
[github.com/trending/clarity33bd.html]
[github.com/trending/clean33bd.html]
[github.com/trending/click33bd.html]
[github.com/trending/clips33bd.html]
[github.com/trending/clojure33bd.html]
[github.com/trending/closure-templates33bd.html]
[github.com/trending/cloud-firestore-security-rules33bd.html]
[github.com/trending/cmake33bd.html]
[github.com/trending/cobol33bd.html]
[github.com/trending/codeowners33bd.html]
[github.com/trending/codeql33bd.html]
[github.com/trending/coffeescript33bd.html]
[github.com/trending/coldfusion33bd.html]
[github.com/trending/coldfusion-cfc33bd.html]
[github.com/trending/collada33bd.html]
[github.com/trending/common-lisp33bd.html]
[github.com/trending/common-workflow-language33bd.html]
[github.com/trending/component-pascal33bd.html]
[github.com/trending/conll-u33bd.html]
[github.com/trending/cool33bd.html]
[github.com/trending/coq33bd.html]
[github.com/trending/cpp-objdump33bd.html]
[github.com/trending/creole33bd.html]
[github.com/trending/crontab33bd.html]
[github.com/trending/crystal33bd.html]
[github.com/trending/cson33bd.html]
[github.com/trending/csound33bd.html]
[github.com/trending/csound-document33bd.html]
[github.com/trending/csound-score33bd.html]
[github.com/trending/css33bd.html]
[github.com/trending/csv33bd.html]
[github.com/trending/cuda33bd.html]
[github.com/trending/cue33bd.html]
[github.com/trending/cue-sheet33bd.html]
[github.com/trending/curl-config33bd.html]
[github.com/trending/curry33bd.html]
[github.com/trending/cweb33bd.html]
[github.com/trending/cycript33bd.html]
[github.com/trending/cylc33bd.html]
[github.com/trending/cypher33bd.html]
[github.com/trending/cython33bd.html]
[github.com/trending/d33bd.html]
[github.com/trending/d-objdump33bd.html]
[github.com/trending/d233bd.html]
[github.com/trending/dafny33bd.html]
[github.com/trending/darcs-patch33bd.html]
[github.com/trending/dart33bd.html]
[github.com/trending/dataweave33bd.html]
[github.com/trending/debian-package-control-file33bd.html]
[github.com/trending/denizenscript33bd.html]
[github.com/trending/desktop33bd.html]
[github.com/trending/dhall33bd.html]
[github.com/trending/diff33bd.html]
[github.com/trending/digital-command-language33bd.html]
[github.com/trending/dircolors33bd.html]
[github.com/trending/directx-3d-file33bd.html]
[github.com/trending/dm33bd.html]
[github.com/trending/dns-zone33bd.html]
[github.com/trending/dockerfile33bd.html]
[github.com/trending/dogescript33bd.html]
[github.com/trending/dotenv33bd.html]
[github.com/trending/dtrace33bd.html]
[github.com/trending/dune33bd.html]
[github.com/trending/dylan33bd.html]
[github.com/trending/e33bd.html]
[github.com/trending/e-mail33bd.html]
[github.com/trending/eagle33bd.html]
[github.com/trending/earthly33bd.html]
[github.com/trending/easybuild33bd.html]
[github.com/trending/ebnf33bd.html]
[github.com/trending/ec33bd.html]
[github.com/trending/ecere-projects33bd.html]
[github.com/trending/ecl33bd.html]
[github.com/trending/eclipse33bd.html]
[github.com/trending/ecmarkup33bd.html]
[github.com/trending/edge33bd.html]
[github.com/trending/edgeql33bd.html]
[github.com/trending/editorconfig33bd.html]
[github.com/trending/edje-data-collection33bd.html]
[github.com/trending/edn33bd.html]
[github.com/trending/eiffel33bd.html]
[github.com/trending/ejs33bd.html]
[github.com/trending/elixir33bd.html]
[github.com/trending/elm33bd.html]
[github.com/trending/elvish33bd.html]
[github.com/trending/elvish-transcript33bd.html]
[github.com/trending/emacs-lisp33bd.html]
[github.com/trending/emberscript33bd.html]
[github.com/trending/eq33bd.html]
[github.com/trending/erlang33bd.html]
[github.com/trending/euphoria33bd.html]
[github.com/trending/f#33bd.html]
[github.com/trending/f_33bd.html]
[github.com/trending/factor33bd.html]
[github.com/trending/fancy33bd.html]
[github.com/trending/fantom33bd.html]
[github.com/trending/faust33bd.html]
[github.com/trending/fennel33bd.html]
[github.com/trending.html]
[github.com/collections.html]
[github.com/enterprise/advanced-security.html]
[github.com/enterprise/premium-support.html]
[github.com/pricing.html]
[github.com/search/custom_scopes/check_name.html]
[github.com/signup12c4.html]
[github.com/logine7b6.html]
[github.com/trust-center.html]
[github.com/enterprise/contactecc8.html]
[github.com/advisories.html]
[github.com/github/roadmap.html]
[github.com/education.html]
[github.com/mobile.html]
[github.com/about.html]
[github.com/customer-stories49ee.html]
[github.com/newsroom.html]
[github.com/about/diversity.html]
